#
# There is insufficient memory for the Java Runtime Environment to continue.
# Native memory allocation (mmap) failed to map 104857600 bytes for G1 virtual space
# Possible reasons:
#   The system is out of physical RAM or swap space
#   The process is running with CompressedOops enabled, and the Java Heap may be blocking the growth of the native heap
# Possible solutions:
#   Reduce memory load on the system
#   Increase physical memory or swap space
#   Check if swap backing store is full
#   Decrease Java heap size (-Xmx/-Xms)
#   Decrease number of Java threads
#   Decrease Java thread stack sizes (-Xss)
#   Set larger code cache with -XX:ReservedCodeCacheSize=
#   JVM is running with Zero Based Compressed Oops mode in which the Java heap is
#     placed in the first 32GB address space. The Java Heap base address is the
#     maximum limit for the native heap growth. Please use -XX:HeapBaseMinAddress
#     to set the Java Heap base and to place the Java Heap above 32GB virtual address.
# This output file may be truncated or incomplete.
#
#  Out of Memory Error (os_windows.cpp:3825), pid=26240, tid=20456
#
# JRE version: OpenJDK Runtime Environment (17.0.9) (build 17.0.9+0--11185874)
# Java VM: OpenJDK 64-Bit Server VM (17.0.9+0--11185874, mixed mode, tiered, compressed oops, compressed class ptrs, g1 gc, windows-amd64)
# No core dump will be written. Minidumps are not enabled by default on client versions of Windows
#

---------------  S U M M A R Y ------------

Command Line: org.jetbrains.kotlin.cli.jvm.K2JVMCompiler @C:\Users\hb200\Desktop\SYSTEM INTEG FULL REGRESSION\IT342-Bebita-LostandFoundPortal\mobile\app\build\20260526_1914948129423444066.compiler.options

Host: 12th Gen Intel(R) Core(TM) i5-1235U, 12 cores, 15G,  Windows 11 , 64 bit Build 26100 (10.0.26100.8328)
Time: Tue May 26 14:05:42 2026 Malay Peninsula Standard Time elapsed time: 6.130070 seconds (0d 0h 0m 6s)

---------------  T H R E A D  ---------------

Current thread (0x0000025a5f199cf0):  VMThread "VM Thread" [stack: 0x000000c432900000,0x000000c432a00000] [id=20456]

Stack: [0x000000c432900000,0x000000c432a00000]
Native frames: (J=compiled Java code, j=interpreted, Vv=VM code, C=native code)
V  [jvm.dll+0x6886e9]
V  [jvm.dll+0x841e4a]
V  [jvm.dll+0x843a8e]
V  [jvm.dll+0x8440f3]
V  [jvm.dll+0x24c14f]
V  [jvm.dll+0x685499]
V  [jvm.dll+0x679c2a]
V  [jvm.dll+0x30cf9b]
V  [jvm.dll+0x314446]
V  [jvm.dll+0x36425e]
V  [jvm.dll+0x36448f]
V  [jvm.dll+0x2e2d68]
V  [jvm.dll+0x2e0f44]
V  [jvm.dll+0x2e054c]
V  [jvm.dll+0x334cbc]
V  [jvm.dll+0x8487eb]
V  [jvm.dll+0x849531]
V  [jvm.dll+0x849a4d]
V  [jvm.dll+0x849e24]
V  [jvm.dll+0x849ef0]
V  [jvm.dll+0x7f06aa]
V  [jvm.dll+0x687565]
C  [ucrtbase.dll+0x37b0]
C  [KERNEL32.DLL+0x2e957]
C  [ntdll.dll+0x427c]

VM_Operation (0x000000c4323faa90): CollectForMetadataAllocation, mode: safepoint, requested by thread 0x0000025a3e75ae20


---------------  P R O C E S S  ---------------

Threads class SMR info:
_java_thread_list=0x0000025a65adf9c0, length=14, elements={
0x0000025a3e75ae20, 0x0000025a5f3317a0, 0x0000025a5f3351f0, 0x0000025a5f397c20,
0x0000025a5f3985e0, 0x0000025a5f399b10, 0x0000025a5f38bc20, 0x0000025a5f38d480,
0x0000025a5f38f560, 0x0000025a5f391f70, 0x0000025a5f52e3f0, 0x0000025a5f530b80,
0x0000025a5f535c30, 0x0000025a660acf60
}

Java Threads: ( => current thread )
  0x0000025a3e75ae20 JavaThread "main" [_thread_blocked, id=26372, stack(0x000000c432300000,0x000000c432400000)]
  0x0000025a5f3317a0 JavaThread "Reference Handler" daemon [_thread_blocked, id=9948, stack(0x000000c432a00000,0x000000c432b00000)]
  0x0000025a5f3351f0 JavaThread "Finalizer" daemon [_thread_blocked, id=20012, stack(0x000000c432b00000,0x000000c432c00000)]
  0x0000025a5f397c20 JavaThread "Signal Dispatcher" daemon [_thread_blocked, id=10552, stack(0x000000c432c00000,0x000000c432d00000)]
  0x0000025a5f3985e0 JavaThread "Attach Listener" daemon [_thread_blocked, id=30524, stack(0x000000c432d00000,0x000000c432e00000)]
  0x0000025a5f399b10 JavaThread "Service Thread" daemon [_thread_blocked, id=13348, stack(0x000000c432e00000,0x000000c432f00000)]
  0x0000025a5f38bc20 JavaThread "Monitor Deflation Thread" daemon [_thread_blocked, id=26772, stack(0x000000c432f00000,0x000000c433000000)]
  0x0000025a5f38d480 JavaThread "C2 CompilerThread0" daemon [_thread_blocked, id=17728, stack(0x000000c433000000,0x000000c433100000)]
  0x0000025a5f38f560 JavaThread "C1 CompilerThread0" daemon [_thread_blocked, id=12372, stack(0x000000c433100000,0x000000c433200000)]
  0x0000025a5f391f70 JavaThread "Sweeper thread" daemon [_thread_blocked, id=15372, stack(0x000000c433200000,0x000000c433300000)]
  0x0000025a5f52e3f0 JavaThread "Notification Thread" daemon [_thread_blocked, id=8584, stack(0x000000c433300000,0x000000c433400000)]
  0x0000025a5f530b80 JavaThread "Common-Cleaner" daemon [_thread_blocked, id=25480, stack(0x000000c433500000,0x000000c433600000)]
  0x0000025a5f535c30 JavaThread "C2 CompilerThread1" daemon [_thread_blocked, id=28028, stack(0x000000c433600000,0x000000c433700000)]
  0x0000025a660acf60 JavaThread "C2 CompilerThread2" daemon [_thread_blocked, id=16460, stack(0x000000c433700000,0x000000c433800000)]

Other Threads:
=>0x0000025a5f199cf0 VMThread "VM Thread" [stack: 0x000000c432900000,0x000000c432a00000] [id=20456]
  0x0000025a5f5308e0 WatcherThread [stack: 0x000000c433400000,0x000000c433500000] [id=2796]
  0x0000025a3e7c88a0 GCTaskThread "GC Thread#0" [stack: 0x000000c432400000,0x000000c432500000] [id=29384]
  0x0000025a5fba55d0 GCTaskThread "GC Thread#1" [stack: 0x000000c433800000,0x000000c433900000] [id=28988]
  0x0000025a5fba3450 GCTaskThread "GC Thread#2" [stack: 0x000000c433900000,0x000000c433a00000] [id=8956]
  0x0000025a5fba3710 GCTaskThread "GC Thread#3" [stack: 0x000000c433a00000,0x000000c433b00000] [id=24232]
  0x0000025a5fc1d390 GCTaskThread "GC Thread#4" [stack: 0x000000c433b00000,0x000000c433c00000] [id=28996]
  0x0000025a5fc1e430 GCTaskThread "GC Thread#5" [stack: 0x000000c433c00000,0x000000c433d00000] [id=26664]
  0x0000025a5fc1f770 GCTaskThread "GC Thread#6" [stack: 0x000000c433d00000,0x000000c433e00000] [id=9128]
  0x0000025a5fc1f1f0 GCTaskThread "GC Thread#7" [stack: 0x000000c433e00000,0x000000c433f00000] [id=28644]
  0x0000025a5fc1e9b0 GCTaskThread "GC Thread#8" [stack: 0x000000c433f00000,0x000000c434000000] [id=29644]
  0x0000025a5fc1f4b0 GCTaskThread "GC Thread#9" [stack: 0x000000c434000000,0x000000c434100000] [id=21828]
  0x0000025a3e7d93b0 ConcurrentGCThread "G1 Main Marker" [stack: 0x000000c432500000,0x000000c432600000] [id=23864]
  0x0000025a3e7daaa0 ConcurrentGCThread "G1 Conc#0" [stack: 0x000000c432600000,0x000000c432700000] [id=9440]
  0x0000025a5fc1fa30 ConcurrentGCThread "G1 Conc#1" [stack: 0x000000c434100000,0x000000c434200000] [id=26080]
  0x0000025a5fc1ec70 ConcurrentGCThread "G1 Conc#2" [stack: 0x000000c434200000,0x000000c434300000] [id=14948]
  0x0000025a5f04e710 ConcurrentGCThread "G1 Refine#0" [stack: 0x000000c432700000,0x000000c432800000] [id=23644]
  0x0000025a66aff720 ConcurrentGCThread "G1 Refine#1" [stack: 0x000000c434300000,0x000000c434400000] [id=29072]
  0x0000025a5f04fff0 ConcurrentGCThread "G1 Service" [stack: 0x000000c432800000,0x000000c432900000] [id=7392]

Threads with active compile tasks:
C1 CompilerThread0     6172 6975       3       org.jetbrains.kotlin.resolve.calls.inference.components.ConstraintInjector$TypeCheckerStateForConstraintInjector::typeConstructor (18 bytes)
C2 CompilerThread1     6172 6793       4       org.jetbrains.kotlin.types.DescriptorSubstitutor::substituteTypeParameters (389 bytes)
C2 CompilerThread2     6172 6981       4       org.jetbrains.kotlin.descriptors.impl.SimpleFunctionDescriptorImpl::initialize (96 bytes)

VM state: at safepoint (normal execution)

VM Mutex/Monitor currently owned by a thread:  ([mutex/lock_event])
[0x0000025a3e7574e0] Threads_lock - owner thread: 0x0000025a5f199cf0
[0x0000025a3e757e70] Heap_lock - owner thread: 0x0000025a3e75ae20

Heap address: 0x0000000704400000, size: 4028 MB, Compressed Oops mode: Zero based, Oop shift amount: 3

CDS archive(s) not mapped
Compressed class space mapped at: 0x0000000800000000-0x0000000840000000, reserved size: 1073741824
Narrow klass base: 0x0000000800000000, Narrow klass shift: 0, Narrow klass range: 0x40000000

GC Precious Log:
 CPUs: 12 total, 12 available
 Memory: 16108M
 Large Page Support: Disabled
 NUMA Support: Disabled
 Compressed Oops: Enabled (Zero based)
 Heap Region Size: 2M
 Heap Min Capacity: 8M
 Heap Initial Capacity: 252M
 Heap Max Capacity: 4028M
 Pre-touch: Disabled
 Parallel Workers: 10
 Concurrent Workers: 3
 Concurrent Refinement Workers: 10
 Periodic GC: Disabled

Heap:
 garbage-first heap   total 153600K, used 53677K [0x0000000704400000, 0x0000000800000000)
  region size 2048K, 2 young (4096K), 2 survivors (4096K)
 Metaspace       used 60163K, committed 60416K, reserved 1114112K
  class space    used 7077K, committed 7232K, reserved 1048576K

Heap Regions: E=young(eden), S=young(survivor), O=old, HS=humongous(starts), HC=humongous(continues), CS=collection set, F=free, OA=open archive, CA=closed archive, TAMS=top-at-mark-start (previous, next)
|   0|0x0000000704400000, 0x0000000704600000, 0x0000000704600000|100%|HS|  |TAMS 0x0000000704600000, 0x0000000704600000| Complete 
|   1|0x0000000704600000, 0x0000000704800000, 0x0000000704800000|100%|HC|  |TAMS 0x0000000704800000, 0x0000000704800000| Complete 
|   2|0x0000000704800000, 0x0000000704a00000, 0x0000000704a00000|100%|HS|  |TAMS 0x0000000704a00000, 0x0000000704a00000| Complete 
|   3|0x0000000704a00000, 0x0000000704c00000, 0x0000000704c00000|100%|HC|  |TAMS 0x0000000704c00000, 0x0000000704c00000| Complete 
|   4|0x0000000704c00000, 0x0000000704e00000, 0x0000000704e00000|100%| O|  |TAMS 0x0000000704c00000, 0x0000000704e00000| Untracked 
|   5|0x0000000704e00000, 0x0000000705000000, 0x0000000705000000|100%| O|  |TAMS 0x0000000705000000, 0x0000000705000000| Untracked 
|   6|0x0000000705000000, 0x0000000705200000, 0x0000000705200000|100%|HS|  |TAMS 0x0000000705000000, 0x0000000705200000| Complete 
|   7|0x0000000705200000, 0x0000000705400000, 0x0000000705400000|100%| O|  |TAMS 0x0000000705200000, 0x0000000705400000| Untracked 
|   8|0x0000000705400000, 0x0000000705600000, 0x0000000705600000|100%| O|  |TAMS 0x0000000705400000, 0x0000000705600000| Untracked 
|   9|0x0000000705600000, 0x0000000705800000, 0x0000000705800000|100%| O|  |TAMS 0x0000000705800000, 0x0000000705800000| Untracked 
|  10|0x0000000705800000, 0x0000000705a00000, 0x0000000705a00000|100%| O|  |TAMS 0x0000000705a00000, 0x0000000705a00000| Untracked 
|  11|0x0000000705a00000, 0x0000000705c00000, 0x0000000705c00000|100%| O|  |TAMS 0x0000000705c00000, 0x0000000705c00000| Untracked 
|  12|0x0000000705c00000, 0x0000000705e00000, 0x0000000705e00000|100%| O|  |TAMS 0x0000000705c00000, 0x0000000705e00000| Untracked 
|  13|0x0000000705e00000, 0x0000000706000000, 0x0000000706000000|100%| O|  |TAMS 0x0000000705e00000, 0x0000000706000000| Untracked 
|  14|0x0000000706000000, 0x0000000706200000, 0x0000000706200000|100%| O|  |TAMS 0x0000000706000000, 0x0000000706200000| Untracked 
|  15|0x0000000706200000, 0x0000000706400000, 0x0000000706400000|100%| O|  |TAMS 0x0000000706200000, 0x0000000706400000| Untracked 
|  16|0x0000000706400000, 0x0000000706600000, 0x0000000706600000|100%| O|  |TAMS 0x0000000706400000, 0x0000000706600000| Untracked 
|  17|0x0000000706600000, 0x0000000706800000, 0x0000000706800000|100%| O|  |TAMS 0x0000000706600000, 0x0000000706800000| Untracked 
|  18|0x0000000706800000, 0x0000000706a00000, 0x0000000706a00000|100%| O|  |TAMS 0x0000000706800000, 0x0000000706a00000| Untracked 
|  19|0x0000000706a00000, 0x0000000706c00000, 0x0000000706c00000|100%| O|  |TAMS 0x0000000706a00000, 0x0000000706c00000| Untracked 
|  20|0x0000000706c00000, 0x0000000706e00000, 0x0000000706e00000|100%| O|  |TAMS 0x0000000706c00000, 0x0000000706e00000| Untracked 
|  21|0x0000000706e00000, 0x0000000707000000, 0x0000000707000000|100%| O|  |TAMS 0x0000000706e00000, 0x0000000706f10400| Untracked 
|  22|0x0000000707000000, 0x0000000707200000, 0x0000000707200000|100%| O|  |TAMS 0x0000000707000000, 0x0000000707000000| Untracked 
|  23|0x0000000707200000, 0x0000000707400000, 0x0000000707400000|100%| O|  |TAMS 0x0000000707200000, 0x0000000707200000| Untracked 
|  24|0x0000000707400000, 0x00000007075fc600, 0x0000000707600000| 99%| O|  |TAMS 0x0000000707400000, 0x0000000707400000| Untracked 
|  25|0x0000000707600000, 0x0000000707600000, 0x0000000707800000|  0%| F|  |TAMS 0x0000000707600000, 0x0000000707600000| Untracked 
|  26|0x0000000707800000, 0x0000000707800000, 0x0000000707a00000|  0%| F|  |TAMS 0x0000000707800000, 0x0000000707800000| Untracked 
|  27|0x0000000707a00000, 0x0000000707a00000, 0x0000000707c00000|  0%| F|  |TAMS 0x0000000707a00000, 0x0000000707a00000| Untracked 
|  28|0x0000000707c00000, 0x0000000707c00000, 0x0000000707e00000|  0%| F|  |TAMS 0x0000000707c00000, 0x0000000707c00000| Untracked 
|  29|0x0000000707e00000, 0x0000000707e00000, 0x0000000708000000|  0%| F|  |TAMS 0x0000000707e00000, 0x0000000707e00000| Untracked 
|  30|0x0000000708000000, 0x0000000708000000, 0x0000000708200000|  0%| F|  |TAMS 0x0000000708000000, 0x0000000708000000| Untracked 
|  31|0x0000000708200000, 0x0000000708200000, 0x0000000708400000|  0%| F|  |TAMS 0x0000000708200000, 0x0000000708200000| Untracked 
|  32|0x0000000708400000, 0x0000000708400000, 0x0000000708600000|  0%| F|  |TAMS 0x0000000708400000, 0x0000000708400000| Untracked 
|  33|0x0000000708600000, 0x0000000708600000, 0x0000000708800000|  0%| F|  |TAMS 0x0000000708600000, 0x0000000708600000| Untracked 
|  34|0x0000000708800000, 0x0000000708800000, 0x0000000708a00000|  0%| F|  |TAMS 0x0000000708800000, 0x0000000708800000| Untracked 
|  35|0x0000000708a00000, 0x0000000708a00000, 0x0000000708c00000|  0%| F|  |TAMS 0x0000000708a00000, 0x0000000708a00000| Untracked 
|  36|0x0000000708c00000, 0x0000000708c00000, 0x0000000708e00000|  0%| F|  |TAMS 0x0000000708c00000, 0x0000000708c00000| Untracked 
|  37|0x0000000708e00000, 0x0000000708e00000, 0x0000000709000000|  0%| F|  |TAMS 0x0000000708e00000, 0x0000000708e00000| Untracked 
|  38|0x0000000709000000, 0x0000000709000000, 0x0000000709200000|  0%| F|  |TAMS 0x0000000709000000, 0x0000000709000000| Untracked 
|  39|0x0000000709200000, 0x0000000709200000, 0x0000000709400000|  0%| F|  |TAMS 0x0000000709200000, 0x0000000709200000| Untracked 
|  40|0x0000000709400000, 0x0000000709400000, 0x0000000709600000|  0%| F|  |TAMS 0x0000000709400000, 0x0000000709400000| Untracked 
|  41|0x0000000709600000, 0x0000000709600000, 0x0000000709800000|  0%| F|  |TAMS 0x0000000709600000, 0x0000000709600000| Untracked 
|  42|0x0000000709800000, 0x0000000709800000, 0x0000000709a00000|  0%| F|  |TAMS 0x0000000709800000, 0x0000000709800000| Untracked 
|  43|0x0000000709a00000, 0x0000000709a00000, 0x0000000709c00000|  0%| F|  |TAMS 0x0000000709a00000, 0x0000000709a00000| Untracked 
|  44|0x0000000709c00000, 0x0000000709c00000, 0x0000000709e00000|  0%| F|  |TAMS 0x0000000709c00000, 0x0000000709c00000| Untracked 
|  45|0x0000000709e00000, 0x0000000709e00000, 0x000000070a000000|  0%| F|  |TAMS 0x0000000709e00000, 0x0000000709e00000| Untracked 
|  46|0x000000070a000000, 0x000000070a000000, 0x000000070a200000|  0%| F|  |TAMS 0x000000070a000000, 0x000000070a000000| Untracked 
|  47|0x000000070a200000, 0x000000070a200000, 0x000000070a400000|  0%| F|  |TAMS 0x000000070a200000, 0x000000070a200000| Untracked 
|  48|0x000000070a400000, 0x000000070a400000, 0x000000070a600000|  0%| F|  |TAMS 0x000000070a400000, 0x000000070a400000| Untracked 
|  49|0x000000070a600000, 0x000000070a600000, 0x000000070a800000|  0%| F|  |TAMS 0x000000070a600000, 0x000000070a600000| Untracked 
|  50|0x000000070a800000, 0x000000070a800000, 0x000000070aa00000|  0%| F|  |TAMS 0x000000070a800000, 0x000000070a800000| Untracked 
|  51|0x000000070aa00000, 0x000000070aa00000, 0x000000070ac00000|  0%| F|  |TAMS 0x000000070aa00000, 0x000000070aa00000| Untracked 
|  52|0x000000070ac00000, 0x000000070ac00000, 0x000000070ae00000|  0%| F|  |TAMS 0x000000070ac00000, 0x000000070ac00000| Untracked 
|  53|0x000000070ae00000, 0x000000070ae00000, 0x000000070b000000|  0%| F|  |TAMS 0x000000070ae00000, 0x000000070ae00000| Untracked 
|  54|0x000000070b000000, 0x000000070b000000, 0x000000070b200000|  0%| F|  |TAMS 0x000000070b000000, 0x000000070b000000| Untracked 
|  55|0x000000070b200000, 0x000000070b200000, 0x000000070b400000|  0%| F|  |TAMS 0x000000070b200000, 0x000000070b200000| Untracked 
|  56|0x000000070b400000, 0x000000070b400000, 0x000000070b600000|  0%| F|  |TAMS 0x000000070b400000, 0x000000070b400000| Untracked 
|  57|0x000000070b600000, 0x000000070b600000, 0x000000070b800000|  0%| F|  |TAMS 0x000000070b600000, 0x000000070b600000| Untracked 
|  58|0x000000070b800000, 0x000000070b800000, 0x000000070ba00000|  0%| F|  |TAMS 0x000000070b800000, 0x000000070b800000| Untracked 
|  59|0x000000070ba00000, 0x000000070ba00000, 0x000000070bc00000|  0%| F|  |TAMS 0x000000070ba00000, 0x000000070ba00000| Untracked 
|  60|0x000000070bc00000, 0x000000070bc00000, 0x000000070be00000|  0%| F|  |TAMS 0x000000070bc00000, 0x000000070bc00000| Untracked 
|  61|0x000000070be00000, 0x000000070be00000, 0x000000070c000000|  0%| F|  |TAMS 0x000000070be00000, 0x000000070be00000| Untracked 
|  62|0x000000070c000000, 0x000000070c000000, 0x000000070c200000|  0%| F|  |TAMS 0x000000070c000000, 0x000000070c000000| Untracked 
|  63|0x000000070c200000, 0x000000070c200000, 0x000000070c400000|  0%| F|  |TAMS 0x000000070c200000, 0x000000070c200000| Untracked 
|  64|0x000000070c400000, 0x000000070c400000, 0x000000070c600000|  0%| F|  |TAMS 0x000000070c400000, 0x000000070c400000| Untracked 
|  65|0x000000070c600000, 0x000000070c600000, 0x000000070c800000|  0%| F|  |TAMS 0x000000070c600000, 0x000000070c600000| Untracked 
|  66|0x000000070c800000, 0x000000070c800000, 0x000000070ca00000|  0%| F|  |TAMS 0x000000070c800000, 0x000000070c800000| Untracked 
|  67|0x000000070ca00000, 0x000000070ca6f050, 0x000000070cc00000| 21%| S|CS|TAMS 0x000000070ca00000, 0x000000070ca00000| Complete 
|  68|0x000000070cc00000, 0x000000070ce00000, 0x000000070ce00000|100%| S|CS|TAMS 0x000000070cc00000, 0x000000070cc00000| Complete 
|  69|0x000000070ce00000, 0x000000070ce00000, 0x000000070d000000|  0%| F|  |TAMS 0x000000070ce00000, 0x000000070ce00000| Untracked 
| 120|0x0000000713400000, 0x0000000713400000, 0x0000000713600000|  0%| F|  |TAMS 0x0000000713400000, 0x0000000713400000| Untracked 
| 121|0x0000000713600000, 0x0000000713600000, 0x0000000713800000|  0%| F|  |TAMS 0x0000000713600000, 0x0000000713600000| Untracked 
| 122|0x0000000713800000, 0x0000000713800000, 0x0000000713a00000|  0%| F|  |TAMS 0x0000000713800000, 0x0000000713800000| Untracked 
| 123|0x0000000713a00000, 0x0000000713a00000, 0x0000000713c00000|  0%| F|  |TAMS 0x0000000713a00000, 0x0000000713a00000| Untracked 
| 125|0x0000000713e00000, 0x0000000713e00000, 0x0000000714000000|  0%| F|  |TAMS 0x0000000713e00000, 0x0000000713e00000| Untracked 

Card table byte_map: [0x0000025a536c0000,0x0000025a53ea0000] _byte_map_base: 0x0000025a4fe9e000

Marking Bits (Prev, Next): (CMBitMap*) 0x0000025a3e7c8ec0, (CMBitMap*) 0x0000025a3e7c8f00
 Prev Bits: [0x0000025a54680000, 0x0000025a58570000)
 Next Bits: [0x0000025a58570000, 0x0000025a5c460000)

Polling page: 0x0000025a3e460000

Metaspace:

Usage:
  Non-class:     51.84 MB used.
      Class:      6.91 MB used.
       Both:     58.75 MB used.

Virtual space:
  Non-class space:       64.00 MB reserved,      51.94 MB ( 81%) committed,  1 nodes.
      Class space:        1.00 GB reserved,       7.06 MB ( <1%) committed,  1 nodes.
             Both:        1.06 GB reserved,      59.00 MB (  5%) committed. 

Chunk freelists:
   Non-Class:  11.62 MB
       Class:  8.91 MB
        Both:  20.54 MB

MaxMetaspaceSize: unlimited
CompressedClassSpaceSize: 1.00 GB
Initial GC threshold: 21.00 MB
Current GC threshold: 59.00 MB
CDS: off
MetaspaceReclaimPolicy: balanced
 - commit_granule_bytes: 65536.
 - commit_granule_words: 8192.
 - virtual_space_node_default_size: 8388608.
 - enlarge_chunks_in_place: 1.
 - new_chunks_are_fully_committed: 0.
 - uncommit_free_chunks: 1.
 - use_allocation_guard: 0.
 - handle_deallocations: 1.


Internal statistics:

num_allocs_failed_limit: 9.
num_arena_births: 288.
num_arena_deaths: 0.
num_vsnodes_births: 2.
num_vsnodes_deaths: 0.
num_space_committed: 942.
num_space_uncommitted: 0.
num_chunks_returned_to_freelist: 9.
num_chunks_taken_from_freelist: 2126.
num_chunk_merges: 9.
num_chunk_splits: 1680.
num_chunks_enlarged: 1467.
num_inconsistent_stats: 0.

CodeHeap 'non-profiled nmethods': size=120000Kb used=3512Kb max_used=3512Kb free=116488Kb
 bounds [0x0000025a4ad20000, 0x0000025a4b090000, 0x0000025a52250000]
CodeHeap 'profiled nmethods': size=120000Kb used=14553Kb max_used=14553Kb free=105446Kb
 bounds [0x0000025a43250000, 0x0000025a44090000, 0x0000025a4a780000]
CodeHeap 'non-nmethods': size=5760Kb used=1311Kb max_used=1377Kb free=4448Kb
 bounds [0x0000025a4a780000, 0x0000025a4a9f0000, 0x0000025a4ad20000]
 total_blobs=6756 nmethods=6127 adapters=539
 compilation: enabled
              stopped_count=0, restarted_count=0
 full_count=0

Compilation events (20 events):
Event: 4.905 Thread 0x0000025a5f38f560 6976       3       org.jetbrains.kotlin.resolve.DescriptorUtils::isLocal (42 bytes)
Event: 4.905 Thread 0x0000025a5f38f560 nmethod 6976 0x0000025a4407eb10 code [0x0000025a4407ed20, 0x0000025a4407f4d8]
Event: 4.905 Thread 0x0000025a5f38f560 6974       3       org.jetbrains.kotlin.resolve.calls.inference.components.ConstraintInjector$TypeCheckerStateForConstraintInjector::isMyTypeVariable (31 bytes)
Event: 4.907 Thread 0x0000025a5f38f560 nmethod 6974 0x0000025a4407f690 code [0x0000025a4407fb20, 0x0000025a44081978]
Event: 4.907 Thread 0x0000025a5f38f560 6982       2       java.util.Arrays$ArrayList::indexOf (62 bytes)
Event: 4.907 Thread 0x0000025a5f38f560 nmethod 6982 0x0000025a44082490 code [0x0000025a44082640, 0x0000025a44082908]
Event: 4.907 Thread 0x0000025a660acf60 nmethod 6969 0x0000025a4b08c210 code [0x0000025a4b08c3a0, 0x0000025a4b08cb18]
Event: 4.907 Thread 0x0000025a5f38f560 6978       3       org.jetbrains.kotlin.descriptors.impl.ValueParameterDescriptorImpl::declaresDefaultValue (37 bytes)
Event: 4.907 Thread 0x0000025a660acf60 6981       4       org.jetbrains.kotlin.descriptors.impl.SimpleFunctionDescriptorImpl::initialize (96 bytes)
Event: 4.908 Thread 0x0000025a5f38f560 nmethod 6978 0x0000025a44082a90 code [0x0000025a44082d60, 0x0000025a44083d38]
Event: 4.908 Thread 0x0000025a5f38f560 6980       3       org.jetbrains.kotlin.types.DisjointKeysUnionTypeSubstitution::get (28 bytes)
Event: 4.908 Thread 0x0000025a5f38d480 nmethod 6970 0x0000025a4b08cc90 code [0x0000025a4b08ce60, 0x0000025a4b08d698]
Event: 4.908 Thread 0x0000025a5f38f560 nmethod 6980 0x0000025a44084190 code [0x0000025a440843c0, 0x0000025a44084b58]
Event: 4.908 Thread 0x0000025a5f38f560 6979       3       org.jetbrains.kotlin.resolve.calls.inference.components.NewTypeSubstitutor::safeSubstitute (20 bytes)
Event: 4.909 Thread 0x0000025a5f38d480 6971       4       kotlin.sequences.SequencesKt___SequencesKt$filterNotNull$1::invoke (6 bytes)
Event: 4.909 Thread 0x0000025a5f38f560 nmethod 6979 0x0000025a44084e10 code [0x0000025a44085040, 0x0000025a44085708]
Event: 4.909 Thread 0x0000025a5f38f560 6977       3       org.jetbrains.kotlin.descriptors.impl.TypeParameterDescriptorImpl::checkUninitialized (38 bytes)
Event: 4.910 Thread 0x0000025a5f38d480 nmethod 6971 0x0000025a4b08da10 code [0x0000025a4b08db80, 0x0000025a4b08dc18]
Event: 4.910 Thread 0x0000025a5f38f560 nmethod 6977 0x0000025a44085990 code [0x0000025a44085d00, 0x0000025a44086f98]
Event: 4.910 Thread 0x0000025a5f38f560 6975       3       org.jetbrains.kotlin.resolve.calls.inference.components.ConstraintInjector$TypeCheckerStateForConstraintInjector::typeConstructor (18 bytes)

GC Heap History (20 events):
Event: 0.959 GC heap after
{Heap after GC invocations=3 (full 0):
 garbage-first heap   total 258048K, used 10518K [0x0000000704400000, 0x0000000800000000)
  region size 2048K, 4 young (8192K), 4 survivors (8192K)
 Metaspace       used 21354K, committed 21504K, reserved 1114112K
  class space    used 2329K, committed 2432K, reserved 1048576K
}
Event: 1.238 GC heap before
{Heap before GC invocations=4 (full 0):
 garbage-first heap   total 49152K, used 35094K [0x0000000704400000, 0x0000000800000000)
  region size 2048K, 15 young (30720K), 4 survivors (8192K)
 Metaspace       used 27889K, committed 28096K, reserved 1114112K
  class space    used 3072K, committed 3200K, reserved 1048576K
}
Event: 1.242 GC heap after
{Heap after GC invocations=5 (full 0):
 garbage-first heap   total 49152K, used 16898K [0x0000000704400000, 0x0000000800000000)
  region size 2048K, 5 young (10240K), 5 survivors (10240K)
 Metaspace       used 27889K, committed 28096K, reserved 1114112K
  class space    used 3072K, committed 3200K, reserved 1048576K
}
Event: 1.473 GC heap before
{Heap before GC invocations=5 (full 0):
 garbage-first heap   total 49152K, used 31234K [0x0000000704400000, 0x0000000800000000)
  region size 2048K, 12 young (24576K), 5 survivors (10240K)
 Metaspace       used 31191K, committed 31424K, reserved 1114112K
  class space    used 3785K, committed 3904K, reserved 1048576K
}
Event: 1.479 GC heap after
{Heap after GC invocations=6 (full 0):
 garbage-first heap   total 49152K, used 18241K [0x0000000704400000, 0x0000000800000000)
  region size 2048K, 2 young (4096K), 2 survivors (4096K)
 Metaspace       used 31191K, committed 31424K, reserved 1114112K
  class space    used 3785K, committed 3904K, reserved 1048576K
}
Event: 1.697 GC heap before
{Heap before GC invocations=6 (full 0):
 garbage-first heap   total 49152K, used 38721K [0x0000000704400000, 0x0000000800000000)
  region size 2048K, 11 young (22528K), 2 survivors (4096K)
 Metaspace       used 34215K, committed 34496K, reserved 1114112K
  class space    used 4348K, committed 4480K, reserved 1048576K
}
Event: 1.703 GC heap after
{Heap after GC invocations=7 (full 0):
 garbage-first heap   total 49152K, used 24337K [0x0000000704400000, 0x0000000800000000)
  region size 2048K, 2 young (4096K), 2 survivors (4096K)
 Metaspace       used 34215K, committed 34496K, reserved 1114112K
  class space    used 4348K, committed 4480K, reserved 1048576K
}
Event: 1.771 GC heap before
{Heap before GC invocations=7 (full 0):
 garbage-first heap   total 49152K, used 32529K [0x0000000704400000, 0x0000000800000000)
  region size 2048K, 7 young (14336K), 2 survivors (4096K)
 Metaspace       used 35907K, committed 36096K, reserved 1114112K
  class space    used 4533K, committed 4608K, reserved 1048576K
}
Event: 1.776 GC heap after
{Heap after GC invocations=8 (full 0):
 garbage-first heap   total 49152K, used 26427K [0x0000000704400000, 0x0000000800000000)
  region size 2048K, 1 young (2048K), 1 survivors (2048K)
 Metaspace       used 35907K, committed 36096K, reserved 1114112K
  class space    used 4533K, committed 4608K, reserved 1048576K
}
Event: 1.876 GC heap before
{Heap before GC invocations=9 (full 0):
 garbage-first heap   total 49152K, used 34619K [0x0000000704400000, 0x0000000800000000)
  region size 2048K, 6 young (12288K), 1 survivors (2048K)
 Metaspace       used 37706K, committed 37952K, reserved 1114112K
  class space    used 4752K, committed 4864K, reserved 1048576K
}
Event: 1.879 GC heap after
{Heap after GC invocations=10 (full 0):
 garbage-first heap   total 49152K, used 26048K [0x0000000704400000, 0x0000000800000000)
  region size 2048K, 1 young (2048K), 1 survivors (2048K)
 Metaspace       used 37706K, committed 37952K, reserved 1114112K
  class space    used 4752K, committed 4864K, reserved 1048576K
}
Event: 1.891 GC heap before
{Heap before GC invocations=10 (full 0):
 garbage-first heap   total 49152K, used 28096K [0x0000000704400000, 0x0000000800000000)
  region size 2048K, 2 young (4096K), 1 survivors (2048K)
 Metaspace       used 38246K, committed 38464K, reserved 1114112K
  class space    used 4804K, committed 4928K, reserved 1048576K
}
Event: 1.894 GC heap after
{Heap after GC invocations=11 (full 0):
 garbage-first heap   total 153600K, used 25876K [0x0000000704400000, 0x0000000800000000)
  region size 2048K, 1 young (2048K), 1 survivors (2048K)
 Metaspace       used 38246K, committed 38464K, reserved 1114112K
  class space    used 4804K, committed 4928K, reserved 1048576K
}
Event: 2.661 GC heap before
{Heap before GC invocations=11 (full 0):
 garbage-first heap   total 153600K, used 97556K [0x0000000704400000, 0x0000000800000000)
  region size 2048K, 35 young (71680K), 1 survivors (2048K)
 Metaspace       used 49831K, committed 50112K, reserved 1114112K
  class space    used 5991K, committed 6144K, reserved 1048576K
}
Event: 2.669 GC heap after
{Heap after GC invocations=12 (full 0):
 garbage-first heap   total 153600K, used 34777K [0x0000000704400000, 0x0000000800000000)
  region size 2048K, 4 young (8192K), 4 survivors (8192K)
 Metaspace       used 49831K, committed 50112K, reserved 1114112K
  class space    used 5991K, committed 6144K, reserved 1048576K
}
Event: 3.847 GC heap before
{Heap before GC invocations=12 (full 0):
 garbage-first heap   total 153600K, used 102361K [0x0000000704400000, 0x0000000800000000)
  region size 2048K, 37 young (75776K), 4 survivors (8192K)
 Metaspace       used 57369K, committed 57664K, reserved 1114112K
  class space    used 6774K, committed 6912K, reserved 1048576K
}
Event: 3.860 GC heap after
{Heap after GC invocations=13 (full 0):
 garbage-first heap   total 153600K, used 44327K [0x0000000704400000, 0x0000000800000000)
  region size 2048K, 5 young (10240K), 5 survivors (10240K)
 Metaspace       used 57369K, committed 57664K, reserved 1114112K
  class space    used 6774K, committed 6912K, reserved 1048576K
}
Event: 4.547 GC heap before
{Heap before GC invocations=13 (full 0):
 garbage-first heap   total 153600K, used 107815K [0x0000000704400000, 0x0000000800000000)
  region size 2048K, 36 young (73728K), 5 survivors (10240K)
 Metaspace       used 58891K, committed 59200K, reserved 1114112K
  class space    used 6937K, committed 7104K, reserved 1048576K
}
Event: 4.563 GC heap after
{Heap after GC invocations=14 (full 0):
 garbage-first heap   total 153600K, used 50779K [0x0000000704400000, 0x0000000800000000)
  region size 2048K, 4 young (8192K), 4 survivors (8192K)
 Metaspace       used 58891K, committed 59200K, reserved 1114112K
  class space    used 6937K, committed 7104K, reserved 1048576K
}
Event: 4.910 GC heap before
{Heap before GC invocations=14 (full 0):
 garbage-first heap   total 153600K, used 61019K [0x0000000704400000, 0x0000000800000000)
  region size 2048K, 10 young (20480K), 4 survivors (8192K)
 Metaspace       used 60163K, committed 60416K, reserved 1114112K
  class space    used 7077K, committed 7232K, reserved 1048576K
}

Dll operation events (2 events):
Event: 0.006 Loaded shared library C:\Program Files\Android\Android Studio\jbr\bin\java.dll
Event: 0.845 Loaded shared library C:\Program Files\Android\Android Studio\jbr\bin\verify.dll

Deoptimization events (20 events):
Event: 4.881 Thread 0x0000025a3e75ae20 Uncommon trap: trap_request=0xffffffde fr.pc=0x0000025a4ae41fe8 relative=0x0000000000000068
Event: 4.881 Thread 0x0000025a3e75ae20 Uncommon trap: reason=class_check action=maybe_recompile pc=0x0000025a4ae41fe8 method=java.util.Collections$UnmodifiableCollection.size()I @ 4 c2
Event: 4.881 Thread 0x0000025a3e75ae20 DEOPT PACKING pc=0x0000025a4ae41fe8 sp=0x000000c4323fabc0
Event: 4.881 Thread 0x0000025a3e75ae20 DEOPT UNPACKING pc=0x0000025a4a7d69a3 sp=0x000000c4323fab48 mode 2
Event: 4.881 Thread 0x0000025a3e75ae20 Uncommon trap: trap_request=0xffffffc6 fr.pc=0x0000025a4afe5a20 relative=0x0000000000000d00
Event: 4.881 Thread 0x0000025a3e75ae20 Uncommon trap: reason=bimorphic_or_optimized_type_check action=maybe_recompile pc=0x0000025a4afe5a20 method=kotlin.collections.CollectionsKt___CollectionsKt.toList(Ljava/lang/Iterable;)Ljava/util/List; @ 71 c2
Event: 4.881 Thread 0x0000025a3e75ae20 DEOPT PACKING pc=0x0000025a4afe5a20 sp=0x000000c4323fabe0
Event: 4.881 Thread 0x0000025a3e75ae20 DEOPT UNPACKING pc=0x0000025a4a7d69a3 sp=0x000000c4323fabb0 mode 2
Event: 4.881 Thread 0x0000025a3e75ae20 Uncommon trap: trap_request=0xffffffde fr.pc=0x0000025a4af092f4 relative=0x00000000000000d4
Event: 4.881 Thread 0x0000025a3e75ae20 Uncommon trap: reason=class_check action=maybe_recompile pc=0x0000025a4af092f4 method=java.util.Collections$UnmodifiableCollection$1.next()Ljava/lang/Object; @ 4 c2
Event: 4.881 Thread 0x0000025a3e75ae20 DEOPT PACKING pc=0x0000025a4af092f4 sp=0x000000c4323fab90
Event: 4.881 Thread 0x0000025a3e75ae20 DEOPT UNPACKING pc=0x0000025a4a7d69a3 sp=0x000000c4323fab40 mode 2
Event: 4.903 Thread 0x0000025a3e75ae20 Uncommon trap: trap_request=0xffffff45 fr.pc=0x0000025a4aeb3be4 relative=0x00000000000001c4
Event: 4.903 Thread 0x0000025a3e75ae20 Uncommon trap: reason=unstable_if action=reinterpret pc=0x0000025a4aeb3be4 method=java.util.ArrayDeque.addLast(Ljava/lang/Object;)V @ 42 c2
Event: 4.903 Thread 0x0000025a3e75ae20 DEOPT PACKING pc=0x0000025a4aeb3be4 sp=0x000000c4323fb100
Event: 4.903 Thread 0x0000025a3e75ae20 DEOPT UNPACKING pc=0x0000025a4a7d69a3 sp=0x000000c4323fb058 mode 2
Event: 4.905 Thread 0x0000025a3e75ae20 Uncommon trap: trap_request=0xffffff45 fr.pc=0x0000025a4aebff78 relative=0x0000000000000078
Event: 4.905 Thread 0x0000025a3e75ae20 Uncommon trap: reason=unstable_if action=reinterpret pc=0x0000025a4aebff78 method=org.jetbrains.kotlin.descriptors.impl.FunctionDescriptorImpl.performOverriddenLazyCalculationIfNeeded()V @ 6 c2
Event: 4.905 Thread 0x0000025a3e75ae20 DEOPT PACKING pc=0x0000025a4aebff78 sp=0x000000c4323fc300
Event: 4.905 Thread 0x0000025a3e75ae20 DEOPT UNPACKING pc=0x0000025a4a7d69a3 sp=0x000000c4323fc238 mode 2

Classes unloaded (0 events):
No events

Classes redefined (0 events):
No events

Internal exceptions (20 events):
Event: 2.573 Thread 0x0000025a3e75ae20 Exception <a 'java/lang/NoSuchMethodError'{0x000000070a615e88}: 'java.lang.Object java.lang.invoke.DirectMethodHandle$Holder.invokeInterface(java.lang.Object, java.lang.Object)'> (0x000000070a615e88) 
thrown [s\src\hotspot\share\interpreter\linkResolver.cpp, line 771]
Event: 3.213 Thread 0x0000025a3e75ae20 Exception <a 'java/lang/NoSuchMethodError'{0x000000070b646300}: 'java.lang.Object java.lang.invoke.DirectMethodHandle$Holder.invokeStatic(java.lang.Object, java.lang.Object, java.lang.Object, java.lang.Object, int)'> (0x000000070b646300) 
thrown [s\src\hotspot\share\interpreter\linkResolver.cpp, line 771]
Event: 3.214 Thread 0x0000025a3e75ae20 Exception <a 'java/lang/NoSuchMethodError'{0x000000070b64fd40}: 'java.lang.Object java.lang.invoke.DirectMethodHandle$Holder.newInvokeSpecial(java.lang.Object, java.lang.Object, java.lang.Object, java.lang.Object, int)'> (0x000000070b64fd40) 
thrown [s\src\hotspot\share\interpreter\linkResolver.cpp, line 771]
Event: 3.214 Thread 0x0000025a3e75ae20 Exception <a 'java/lang/NoSuchMethodError'{0x000000070b6545c8}: 'java.lang.Object java.lang.invoke.DirectMethodHandle$Holder.invokeSpecial(java.lang.Object, java.lang.Object, java.lang.Object, java.lang.Object, java.lang.Object, int)'> (0x000000070b6545c8) 
thrown [s\src\hotspot\share\interpreter\linkResolver.cpp, line 771]
Event: 3.214 Thread 0x0000025a3e75ae20 Exception <a 'java/lang/NoSuchMethodError'{0x000000070b658800}: 'java.lang.Object java.lang.invoke.Invokers$Holder.linkToTargetMethod(java.lang.Object, java.lang.Object, java.lang.Object, int, java.lang.Object)'> (0x000000070b658800) 
thrown [s\src\hotspot\share\interpreter\linkResolver.cpp, line 771]
Event: 3.273 Thread 0x0000025a3e75ae20 Exception <a 'java/lang/NoSuchMethodError'{0x000000070b426790}: 'java.lang.Object java.lang.invoke.DirectMethodHandle$Holder.newInvokeSpecial(java.lang.Object, java.lang.Object, java.lang.Object, java.lang.Object, java.lang.Object, java.lang.Object, java.lang.Object, java.lang.Object)'> (0x000000070b426790) 
thrown [s\src\hotspot\share\interpreter\linkResolver.cpp, line 771]
Event: 3.273 Thread 0x0000025a3e75ae20 Exception <a 'java/lang/NoSuchMethodError'{0x000000070b42bda8}: 'java.lang.Object java.lang.invoke.DirectMethodHandle$Holder.invokeSpecial(java.lang.Object, java.lang.Object, java.lang.Object, java.lang.Object, java.lang.Object, java.lang.Object, java.lang.Object, java.lang.Object, java.lang.Object)'> (0x000000070b42bda8) 
thrown [s\src\hotspot\share\interpreter\linkResolver.cpp, line 771]
Event: 3.274 Thread 0x0000025a3e75ae20 Exception <a 'java/lang/NoSuchMethodError'{0x000000070b430cd8}: 'java.lang.Object java.lang.invoke.Invokers$Holder.linkToTargetMethod(java.lang.Object, java.lang.Object, java.lang.Object, java.lang.Object, java.lang.Object, java.lang.Object, java.lang.Object, java.lang.Object)'> (0x000000070b430cd8) 
thrown [s\src\hotspot\share\interpreter\linkResolver.cpp, line 771]
Event: 3.400 Thread 0x0000025a3e75ae20 Exception <a 'java/lang/NoSuchMethodError'{0x000000070aaab9c0}: 'java.lang.Object java.lang.invoke.DirectMethodHandle$Holder.invokeSpecial(java.lang.Object, java.lang.Object, java.lang.Object, java.lang.Object, java.lang.Object, java.lang.Object, int)'> (0x000000070aaab9c0) 
thrown [s\src\hotspot\share\interpreter\linkResolver.cpp, line 771]
Event: 3.401 Thread 0x0000025a3e75ae20 Exception <a 'java/lang/NoSuchMethodError'{0x000000070aab51b8}: 'java.lang.Object java.lang.invoke.DirectMethodHandle$Holder.newInvokeSpecial(java.lang.Object, java.lang.Object, java.lang.Object, java.lang.Object, java.lang.Object, java.lang.Object)'> (0x000000070aab51b8) 
thrown [s\src\hotspot\share\interpreter\linkResolver.cpp, line 771]
Event: 3.527 Thread 0x0000025a3e75ae20 Exception <a 'java/lang/NoSuchMethodError'{0x000000070a4a56a8}: 'java.lang.Object java.lang.invoke.DirectMethodHandle$Holder.invokeStaticInit(java.lang.Object, java.lang.Object, java.lang.Object)'> (0x000000070a4a56a8) 
thrown [s\src\hotspot\share\interpreter\linkResolver.cpp, line 771]
Event: 3.993 Thread 0x0000025a3e75ae20 Implicit null exception at 0x0000025a4ad6c974 to 0x0000025a4ad6cb68
Event: 3.993 Thread 0x0000025a3e75ae20 Implicit null exception at 0x0000025a4ad8048f to 0x0000025a4ad80509
Event: 4.299 Thread 0x0000025a3e75ae20 Exception <a 'java/lang/NoSuchMethodError'{0x000000070bfaf3a8}: 'int java.lang.invoke.DirectMethodHandle$Holder.invokeInterface(java.lang.Object, java.lang.Object)'> (0x000000070bfaf3a8) 
thrown [s\src\hotspot\share\interpreter\linkResolver.cpp, line 771]
Event: 4.439 Thread 0x0000025a3e75ae20 Implicit null exception at 0x0000025a4ae8ac4c to 0x0000025a4ae8ad34
Event: 4.439 Thread 0x0000025a3e75ae20 Implicit null exception at 0x0000025a4ad579f9 to 0x0000025a4ad596ac
Event: 4.439 Thread 0x0000025a3e75ae20 Implicit null exception at 0x0000025a4adcbfa0 to 0x0000025a4adcc11c
Event: 4.449 Thread 0x0000025a3e75ae20 Implicit null exception at 0x0000025a4ad87bd8 to 0x0000025a4ad87c6e
Event: 4.647 Thread 0x0000025a3e75ae20 Exception <a 'java/lang/NoSuchMethodError'{0x0000000713b8fc88}: 'int java.lang.invoke.DirectMethodHandle$Holder.invokeStaticInit(java.lang.Object, int)'> (0x0000000713b8fc88) 
thrown [s\src\hotspot\share\interpreter\linkResolver.cpp, line 771]
Event: 4.910 Thread 0x0000025a3e75ae20 Exception <a 'java/lang/NoSuchMethodError'{0x000000070cf2eae0}: 'java.lang.Object java.lang.invoke.DirectMethodHandle$Holder.invokeInterface(java.lang.Object, java.lang.Object, java.lang.Object)'> (0x000000070cf2eae0) 
thrown [s\src\hotspot\share\interpreter\linkResolver.cpp, line 771]

VM Operations (20 events):
Event: 4.524 Executing VM operation: HandshakeAllThreads done
Event: 4.547 Executing VM operation: G1CollectForAllocation
Event: 4.563 Executing VM operation: G1CollectForAllocation done
Event: 4.570 Executing VM operation: HandshakeAllThreads
Event: 4.570 Executing VM operation: HandshakeAllThreads done
Event: 4.600 Executing VM operation: HandshakeAllThreads
Event: 4.600 Executing VM operation: HandshakeAllThreads done
Event: 4.652 Executing VM operation: HandshakeAllThreads
Event: 4.652 Executing VM operation: HandshakeAllThreads done
Event: 4.669 Executing VM operation: HandshakeAllThreads
Event: 4.669 Executing VM operation: HandshakeAllThreads done
Event: 4.753 Executing VM operation: ICBufferFull
Event: 4.753 Executing VM operation: ICBufferFull done
Event: 4.846 Executing VM operation: ICBufferFull
Event: 4.846 Executing VM operation: ICBufferFull done
Event: 4.889 Executing VM operation: HandshakeAllThreads
Event: 4.889 Executing VM operation: HandshakeAllThreads done
Event: 4.890 Executing VM operation: HandshakeAllThreads
Event: 4.890 Executing VM operation: HandshakeAllThreads done
Event: 4.910 Executing VM operation: CollectForMetadataAllocation

Events (20 events):
Event: 3.794 Thread 0x0000025a5f391f70 flushing nmethod 0x0000025a43ac4290
Event: 3.794 Thread 0x0000025a5f391f70 flushing nmethod 0x0000025a43acf910
Event: 3.794 Thread 0x0000025a5f391f70 flushing nmethod 0x0000025a43add390
Event: 3.794 Thread 0x0000025a5f391f70 flushing nmethod 0x0000025a43ade810
Event: 3.794 Thread 0x0000025a5f391f70 flushing nmethod 0x0000025a43ae7690
Event: 3.794 Thread 0x0000025a5f391f70 flushing nmethod 0x0000025a43b20090
Event: 3.794 Thread 0x0000025a5f391f70 flushing nmethod 0x0000025a43b3cd10
Event: 3.794 Thread 0x0000025a5f391f70 flushing nmethod 0x0000025a43b44790
Event: 3.795 Thread 0x0000025a5f391f70 flushing nmethod 0x0000025a43b72410
Event: 3.795 Thread 0x0000025a5f391f70 flushing nmethod 0x0000025a43b87590
Event: 3.795 Thread 0x0000025a5f391f70 flushing nmethod 0x0000025a43b88b90
Event: 3.795 Thread 0x0000025a5f391f70 flushing nmethod 0x0000025a43b8af10
Event: 3.795 Thread 0x0000025a5f391f70 flushing nmethod 0x0000025a43b8d390
Event: 3.795 Thread 0x0000025a5f391f70 flushing nmethod 0x0000025a43b8fb90
Event: 3.795 Thread 0x0000025a5f391f70 flushing nmethod 0x0000025a43c69a10
Event: 3.795 Thread 0x0000025a5f391f70 flushing nmethod 0x0000025a43cee610
Event: 3.795 Thread 0x0000025a5f391f70 flushing nmethod 0x0000025a43d10a10
Event: 3.795 Thread 0x0000025a5f391f70 flushing nmethod 0x0000025a43d15110
Event: 3.796 Thread 0x0000025a5f391f70 flushing nmethod 0x0000025a43d25090
Event: 3.796 Thread 0x0000025a5f391f70 flushing nmethod 0x0000025a43d49a90


Dynamic libraries:
0x00007ff67ccc0000 - 0x00007ff67ccca000 	C:\Program Files\Android\Android Studio\jbr\bin\java.exe
0x00007ffcdfa40000 - 0x00007ffcdfca7000 	C:\WINDOWS\SYSTEM32\ntdll.dll
0x00007ffcdec00000 - 0x00007ffcdecc9000 	C:\WINDOWS\System32\KERNEL32.DLL
0x00007ffcdc630000 - 0x00007ffcdca27000 	C:\WINDOWS\System32\KERNELBASE.dll
0x00007ffcdcd40000 - 0x00007ffcdce8b000 	C:\WINDOWS\System32\ucrtbase.dll
0x00007ffcc49b0000 - 0x00007ffcc49cb000 	C:\Program Files\Android\Android Studio\jbr\bin\VCRUNTIME140.dll
0x00007ffc90080000 - 0x00007ffc90097000 	C:\Program Files\Android\Android Studio\jbr\bin\jli.dll
0x00007ffcddd00000 - 0x00007ffcddec6000 	C:\WINDOWS\System32\USER32.dll
0x00007ffcdcd10000 - 0x00007ffcdcd37000 	C:\WINDOWS\System32\win32u.dll
0x00007ffcbf860000 - 0x00007ffcbfaf2000 	C:\WINDOWS\WinSxS\amd64_microsoft.windows.common-controls_6595b64144ccf1df_6.0.26100.8457_none_3e0b2faee331e92d\COMCTL32.dll
0x00007ffcdf8f0000 - 0x00007ffcdf91b000 	C:\WINDOWS\System32\GDI32.dll
0x00007ffcdc500000 - 0x00007ffcdc62c000 	C:\WINDOWS\System32\gdi32full.dll
0x00007ffcdefb0000 - 0x00007ffcdf059000 	C:\WINDOWS\System32\msvcrt.dll
0x00007ffcdcc60000 - 0x00007ffcdcd03000 	C:\WINDOWS\System32\msvcp_win.dll
0x00007ffcddcc0000 - 0x00007ffcddcf2000 	C:\WINDOWS\System32\IMM32.DLL
0x00007ffcc92d0000 - 0x00007ffcc92dc000 	C:\Program Files\Android\Android Studio\jbr\bin\vcruntime140_1.dll
0x00007ffca7fb0000 - 0x00007ffca803d000 	C:\Program Files\Android\Android Studio\jbr\bin\msvcp140.dll
0x00007ffc885f0000 - 0x00007ffc89273000 	C:\Program Files\Android\Android Studio\jbr\bin\server\jvm.dll
0x00007ffcdf940000 - 0x00007ffcdf9f6000 	C:\WINDOWS\System32\ADVAPI32.dll
0x00007ffcde9a0000 - 0x00007ffcdea47000 	C:\WINDOWS\System32\sechost.dll
0x00007ffcde540000 - 0x00007ffcde658000 	C:\WINDOWS\System32\RPCRT4.dll
0x00007ffcbd130000 - 0x00007ffcbd13a000 	C:\WINDOWS\SYSTEM32\WSOCK32.dll
0x00007ffcdc2f0000 - 0x00007ffcdc34e000 	C:\WINDOWS\SYSTEM32\POWRPROF.dll
0x00007ffcdede0000 - 0x00007ffcdee60000 	C:\WINDOWS\System32\WS2_32.dll
0x00007ffccf170000 - 0x00007ffccf1a6000 	C:\WINDOWS\SYSTEM32\WINMM.dll
0x00007ffcbd490000 - 0x00007ffcbd49b000 	C:\WINDOWS\SYSTEM32\VERSION.dll
0x00007ffcdc2b0000 - 0x00007ffcdc2c4000 	C:\WINDOWS\SYSTEM32\UMPDC.dll
0x00007ffcdb160000 - 0x00007ffcdb17b000 	C:\WINDOWS\SYSTEM32\kernel.appcore.dll
0x00007ffcc4780000 - 0x00007ffcc478a000 	C:\Program Files\Android\Android Studio\jbr\bin\jimage.dll
0x00007ffcda3c0000 - 0x00007ffcda602000 	C:\WINDOWS\SYSTEM32\DBGHELP.DLL
0x00007ffcdd930000 - 0x00007ffcddcb3000 	C:\WINDOWS\System32\combase.dll
0x00007ffcdd7c0000 - 0x00007ffcdd899000 	C:\WINDOWS\System32\OLEAUT32.dll
0x00007ffcbb6c0000 - 0x00007ffcbb6fb000 	C:\WINDOWS\SYSTEM32\dbgcore.DLL
0x00007ffcdcbb0000 - 0x00007ffcdcc58000 	C:\WINDOWS\System32\bcryptPrimitives.dll
0x00007ffc97160000 - 0x00007ffc97185000 	C:\Program Files\Android\Android Studio\jbr\bin\java.dll
0x00007ffcad7c0000 - 0x00007ffcad7d8000 	C:\Program Files\Android\Android Studio\jbr\bin\zip.dll
0x00007ffcdf0f0000 - 0x00007ffcdf85e000 	C:\WINDOWS\System32\SHELL32.dll
0x00007ffcdce90000 - 0x00007ffcdd6fc000 	C:\WINDOWS\System32\windows.storage.dll
0x00007ffcde7d0000 - 0x00007ffcde8c6000 	C:\WINDOWS\System32\SHCORE.dll
0x00007ffcde8d0000 - 0x00007ffcde936000 	C:\WINDOWS\System32\shlwapi.dll
0x00007ffcdc390000 - 0x00007ffcdc3b9000 	C:\WINDOWS\SYSTEM32\profapi.dll
0x00007ffc98440000 - 0x00007ffc98459000 	C:\Program Files\Android\Android Studio\jbr\bin\net.dll
0x00007ffcd37b0000 - 0x00007ffcd38d9000 	C:\WINDOWS\SYSTEM32\WINHTTP.dll
0x00007ffcdb770000 - 0x00007ffcdb7dc000 	C:\WINDOWS\system32\mswsock.dll
0x00007ffc94120000 - 0x00007ffc94136000 	C:\Program Files\Android\Android Studio\jbr\bin\nio.dll
0x00007ffcb85a0000 - 0x00007ffcb85b0000 	C:\Program Files\Android\Android Studio\jbr\bin\verify.dll

dbghelp: loaded successfully - version: 4.0.5 - missing functions: none
symbol engine: initialized successfully - sym options: 0x614 - pdb path: .;C:\Program Files\Android\Android Studio\jbr\bin;C:\WINDOWS\SYSTEM32;C:\WINDOWS\WinSxS\amd64_microsoft.windows.common-controls_6595b64144ccf1df_6.0.26100.8457_none_3e0b2faee331e92d;C:\Program Files\Android\Android Studio\jbr\bin\server

VM Arguments:
java_command: org.jetbrains.kotlin.cli.jvm.K2JVMCompiler @C:\Users\hb200\Desktop\SYSTEM INTEG FULL REGRESSION\IT342-Bebita-LostandFoundPortal\mobile\app\build\20260526_1914948129423444066.compiler.options
java_class_path (initial): C:\Users\hb200\.gradle\caches\modules-2\files-2.1\org.jetbrains.kotlin\kotlin-compiler-embeddable\1.8.22\e2cf111da088dc807a74157741b4cd4b664edfb7\kotlin-compiler-embeddable-1.8.22.jar;C:\Users\hb200\.gradle\caches\modules-2\files-2.1\org.jetbrains.kotlin\kotlin-stdlib\1.8.22\636bf8b320e7627482771bbac9ed7246773c02bd\kotlin-stdlib-1.8.22.jar;C:\Users\hb200\.gradle\caches\modules-2\files-2.1\org.jetbrains.kotlin\kotlin-script-runtime\1.8.22\ce5ff1f309623f8c1be5143bdba032c4a04cec3a\kotlin-script-runtime-1.8.22.jar;C:\Users\hb200\.gradle\caches\modules-2\files-2.1\org.jetbrains.kotlin\kotlin-reflect\1.6.10\1cbe9c92c12a94eea200d23c2bbaedaf3daf5132\kotlin-reflect-1.6.10.jar;C:\Users\hb200\.gradle\caches\modules-2\files-2.1\org.jetbrains.kotlin\kotlin-daemon-embeddable\1.8.22\7d9f7e06a59d2fcbc9b373400c146f42fd722e81\kotlin-daemon-embeddable-1.8.22.jar;C:\Users\hb200\.gradle\caches\modules-2\files-2.1\org.jetbrains.intellij.deps\trove4j\1.0.20200330\3afb14d5f9ceb459d724e907a21145e8ff394f02\trove4j-1.0.20200330.jar;C:\Users\hb200\.gradle\caches\modules-2\files-2.1\net.java.dev.jna\jna\5.6.0\330f2244e9030119ab3030fc3fededc86713d9cc\jna-5.6.0.jar;C:\Users\hb200\.gradle\caches\modules-2\files-2.1\org.jetbrains.kotlin\kotlin-stdlib-common\1.8.22\1a8e3601703ae14bb58757ea6b2d8e8e5935a586\kotlin-stdlib-common-1.8.22.jar;C:\Users\hb200\.gradle\caches\modules-2\files-2.1\org.jetbrains\annotations\13.0\919f0dfe192fb4e063e7dacadee7f8bb9a2672a9\annotations-13.0.jar
Launcher Type: SUN_STANDARD

[Global flags]
     intx CICompilerCount                          = 4                                         {product} {ergonomic}
     uint ConcGCThreads                            = 3                                         {product} {ergonomic}
     uint G1ConcRefinementThreads                  = 10                                        {product} {ergonomic}
   size_t G1HeapRegionSize                         = 2097152                                   {product} {ergonomic}
    uintx GCDrainStackTargetSize                   = 64                                        {product} {ergonomic}
   size_t InitialHeapSize                          = 264241152                                 {product} {ergonomic}
   size_t MarkStackSize                            = 4194304                                   {product} {ergonomic}
   size_t MaxHeapSize                              = 4223664128                                {product} {ergonomic}
   size_t MaxNewSize                               = 2533359616                                {product} {ergonomic}
   size_t MinHeapDeltaBytes                        = 2097152                                   {product} {ergonomic}
   size_t MinHeapSize                              = 8388608                                   {product} {ergonomic}
    uintx NonNMethodCodeHeapSize                   = 5839372                                {pd product} {ergonomic}
    uintx NonProfiledCodeHeapSize                  = 122909434                              {pd product} {ergonomic}
    uintx ProfiledCodeHeapSize                     = 122909434                              {pd product} {ergonomic}
    uintx ReservedCodeCacheSize                    = 251658240                              {pd product} {ergonomic}
     bool SegmentedCodeCache                       = true                                      {product} {ergonomic}
   size_t SoftMaxHeapSize                          = 4223664128                             {manageable} {ergonomic}
     bool UseCompressedClassPointers               = true                           {product lp64_product} {ergonomic}
     bool UseCompressedOops                        = true                           {product lp64_product} {ergonomic}
     bool UseG1GC                                  = true                                      {product} {ergonomic}
     bool UseLargePagesIndividualAllocation        = false                                  {pd product} {ergonomic}

Logging:
Log output configuration:
 #0: stdout all=warning uptime,level,tags
 #1: stderr all=off uptime,level,tags

Environment Variables:
PATH=C:\Program Files\Common Files\Oracle\Java\javapath;C:\WINDOWS\system32;C:\WINDOWS;C:\WINDOWS\System32\Wbem;C:\WINDOWS\System32\WindowsPowerShell\v1.0\;C:\WINDOWS\System32\OpenSSH\;C:\Program Files\dotnet\;C:\Program Files\Git\cmd;C:\Program Files\nodejs\;C:\Program Files\PyManager\;C:\Program Files\Apache\apache-maven-3.9.11\bin;C:\Users\hb200\AppData\Local\Programs\Python\Python314\Scripts\;C:\Users\hb200\AppData\Local\Programs\Python\Python314\;C:\Users\hb200\AppData\Local\Programs\Python\Launcher\;C:\Users\hb200\AppData\Local\Microsoft\WindowsApps;C:\Users\hb200\AppData\Roaming\npm;C:\Users\hb200\AppData\Local\Programs\Antigravity\bin;C:\Users\hb200\AppData\Local\Programs\Antigravity IDE\bin;C:\Users\hb200\AppData\Local\Programs\Microsoft VS Code\bin
USERNAME=hb200
OS=Windows_NT
PROCESSOR_IDENTIFIER=Intel64 Family 6 Model 154 Stepping 4, GenuineIntel
TMP=C:\Users\hb200\AppData\Local\Temp
TEMP=C:\Users\hb200\AppData\Local\Temp



Periodic native trim disabled

JNI global refs:
JNI global refs: 12, weak refs: 0

JNI global refs memory usage: 843, weak refs: 841

OOME stack traces (most recent first):
Classloader memory used:
Loader jdk.internal.loader.ClassLoaders$AppClassLoader                                 : 5865K
Loader bootstrap                                                                       : 1604K
Loader jdk.internal.loader.ClassLoaders$PlatformClassLoader                            : 34443B
Loader jdk.internal.reflect.DelegatingClassLoader                                      : 16463B


---------------  S Y S T E M  ---------------

OS:
 Windows 11 , 64 bit Build 26100 (10.0.26100.8328)
OS uptime: 11 days 23:23 hours
Hyper-V role detected

CPU: total 12 (initial active 12) (6 cores per cpu, 2 threads per core) family 6 model 154 stepping 4 microcode 0x429, cx8, cmov, fxsr, ht, mmx, 3dnowpref, sse, sse2, sse3, ssse3, sse4.1, sse4.2, popcnt, lzcnt, tsc, tscinvbit, avx, avx2, aes, erms, clmul, bmi1, bmi2, adx, sha, fma, vzeroupper, clflush, clflushopt, clwb, hv
Processor Information for processor 0
  Max Mhz: 1300, Current Mhz: 1300, Mhz Limit: 1300
Processor Information for processor 1
  Max Mhz: 1300, Current Mhz: 1300, Mhz Limit: 1300
Processor Information for processor 2
  Max Mhz: 1300, Current Mhz: 1300, Mhz Limit: 1300
Processor Information for processor 3
  Max Mhz: 1300, Current Mhz: 1300, Mhz Limit: 1300
Processor Information for processor 4
  Max Mhz: 1300, Current Mhz: 900, Mhz Limit: 897
Processor Information for processor 5
  Max Mhz: 1300, Current Mhz: 900, Mhz Limit: 897
Processor Information for processor 6
  Max Mhz: 1300, Current Mhz: 900, Mhz Limit: 897
Processor Information for processor 7
  Max Mhz: 1300, Current Mhz: 900, Mhz Limit: 897
Processor Information for processor 8
  Max Mhz: 1300, Current Mhz: 900, Mhz Limit: 897
Processor Information for processor 9
  Max Mhz: 1300, Current Mhz: 900, Mhz Limit: 897
Processor Information for processor 10
  Max Mhz: 1300, Current Mhz: 900, Mhz Limit: 897
Processor Information for processor 11
  Max Mhz: 1300, Current Mhz: 900, Mhz Limit: 897

Memory: 4k page, system-wide physical 16108M (908M free)
TotalPageFile size 24300M (AvailPageFile size 24M)
current process WorkingSet (physical memory assigned to process): 286M, peak: 320M
current process commit charge ("private bytes"): 350M, peak: 482M

vm_info: OpenJDK 64-Bit Server VM (17.0.9+0--11185874) for windows-amd64 JRE (17.0.9+0--11185874), built on Dec  6 2023 18:57:44 by "androidbuild" with MS VC++ 16.10 / 16.11 (VS2019)

END.
