#
# There is insufficient memory for the Java Runtime Environment to continue.
# Native memory allocation (malloc) failed to allocate 1090416 bytes for Chunk::new
# Possible reasons:
#   The system is out of physical RAM or swap space
#   The process is running with CompressedOops enabled, and the Java Heap may be blocking the growth of the native heap
# Possible solutions:
#   Reduce memory load on the system
#   Increase physical memory or swap space
#   Check if swap backing store is full
#   Decrease Java heap size (-Xmx/-Xms)
#   Decrease number of Java threads
#   Decrease Java thread stack sizes (-Xss)
#   Set larger code cache with -XX:ReservedCodeCacheSize=
#   JVM is running with Zero Based Compressed Oops mode in which the Java heap is
#     placed in the first 32GB address space. The Java Heap base address is the
#     maximum limit for the native heap growth. Please use -XX:HeapBaseMinAddress
#     to set the Java Heap base and to place the Java Heap above 32GB virtual address.
# This output file may be truncated or incomplete.
#
#  Out of Memory Error (arena.cpp:191), pid=21912, tid=6396
#
# JRE version: OpenJDK Runtime Environment (17.0.9) (build 17.0.9+0--11185874)
# Java VM: OpenJDK 64-Bit Server VM (17.0.9+0--11185874, mixed mode, tiered, compressed oops, compressed class ptrs, g1 gc, windows-amd64)
# No core dump will be written. Minidumps are not enabled by default on client versions of Windows
#

---------------  S U M M A R Y ------------

Command Line: org.jetbrains.kotlin.cli.jvm.K2JVMCompiler @C:\Users\hb200\Desktop\SYSTEM INTEG FULL REGRESSION\IT342-Bebita-LostandFoundPortal\mobile\app\build\20260526_5334082745659760256.compiler.options

Host: 12th Gen Intel(R) Core(TM) i5-1235U, 12 cores, 15G,  Windows 11 , 64 bit Build 26100 (10.0.26100.8328)
Time: Tue May 26 13:52:16 2026 Malay Peninsula Standard Time elapsed time: 7.745223 seconds (0d 0h 0m 7s)

---------------  T H R E A D  ---------------

Current thread (0x000001d42c5a89f0):  JavaThread "C2 CompilerThread1" daemon [_thread_in_native, id=6396, stack(0x00000022ef900000,0x00000022efa00000)]


Current CompileTask:
C2:   7745 9455       4       org.jetbrains.kotlin.types.checker.NewCapturedTypeKt::captureArguments (659 bytes)

Stack: [0x00000022ef900000,0x00000022efa00000]
Native frames: (J=compiled Java code, j=interpreted, Vv=VM code, C=native code)
V  [jvm.dll+0x6886e9]
V  [jvm.dll+0x841e4a]
V  [jvm.dll+0x843a8e]
V  [jvm.dll+0x8440f3]
V  [jvm.dll+0x24c14f]
V  [jvm.dll+0xac44c]
V  [jvm.dll+0xaca9c]
V  [jvm.dll+0x36c1a2]
V  [jvm.dll+0x33651a]
V  [jvm.dll+0x3359ba]
V  [jvm.dll+0x21ddb1]
V  [jvm.dll+0x21d1d1]
V  [jvm.dll+0x1a674d]
V  [jvm.dll+0x22d088]
V  [jvm.dll+0x22b1c0]
V  [jvm.dll+0x7f62f7]
V  [jvm.dll+0x7f06aa]
V  [jvm.dll+0x687565]
C  [ucrtbase.dll+0x37b0]
C  [KERNEL32.DLL+0x2e957]
C  [ntdll.dll+0x427c]


---------------  P R O C E S S  ---------------

Threads class SMR info:
_java_thread_list=0x000001d4317e85e0, length=14, elements={
0x000001d40d6582f0, 0x000001d42ba28140, 0x000001d42ba2b780, 0x000001d42c38a330,
0x000001d42c3afa80, 0x000001d42c3a7250, 0x000001d42c3a8690, 0x000001d42c3a9380,
0x000001d42c3aa9a0, 0x000001d42c3b7760, 0x000001d42c536020, 0x000001d42c551a10,
0x000001d42c5a89f0, 0x000001d431017840
}

Java Threads: ( => current thread )
  0x000001d40d6582f0 JavaThread "main" [_thread_in_vm, id=2740, stack(0x00000022ee600000,0x00000022ee700000)]
  0x000001d42ba28140 JavaThread "Reference Handler" daemon [_thread_blocked, id=30324, stack(0x00000022eed00000,0x00000022eee00000)]
  0x000001d42ba2b780 JavaThread "Finalizer" daemon [_thread_blocked, id=20524, stack(0x00000022eee00000,0x00000022eef00000)]
  0x000001d42c38a330 JavaThread "Signal Dispatcher" daemon [_thread_blocked, id=9300, stack(0x00000022eef00000,0x00000022ef000000)]
  0x000001d42c3afa80 JavaThread "Attach Listener" daemon [_thread_blocked, id=30188, stack(0x00000022ef000000,0x00000022ef100000)]
  0x000001d42c3a7250 JavaThread "Service Thread" daemon [_thread_blocked, id=30032, stack(0x00000022ef100000,0x00000022ef200000)]
  0x000001d42c3a8690 JavaThread "Monitor Deflation Thread" daemon [_thread_blocked, id=30712, stack(0x00000022ef200000,0x00000022ef300000)]
  0x000001d42c3a9380 JavaThread "C2 CompilerThread0" daemon [_thread_in_native, id=18256, stack(0x00000022ef300000,0x00000022ef400000)]
  0x000001d42c3aa9a0 JavaThread "C1 CompilerThread0" daemon [_thread_in_native, id=23760, stack(0x00000022ef400000,0x00000022ef500000)]
  0x000001d42c3b7760 JavaThread "Sweeper thread" daemon [_thread_blocked, id=16760, stack(0x00000022ef500000,0x00000022ef600000)]
  0x000001d42c536020 JavaThread "Notification Thread" daemon [_thread_blocked, id=17084, stack(0x00000022ef600000,0x00000022ef700000)]
  0x000001d42c551a10 JavaThread "Common-Cleaner" daemon [_thread_blocked, id=30248, stack(0x00000022ef800000,0x00000022ef900000)]
=>0x000001d42c5a89f0 JavaThread "C2 CompilerThread1" daemon [_thread_in_native, id=6396, stack(0x00000022ef900000,0x00000022efa00000)]
  0x000001d431017840 JavaThread "C2 CompilerThread2" daemon [_thread_in_native, id=21596, stack(0x00000022eff00000,0x00000022f0000000)]

Other Threads:
  0x000001d42ba229f0 VMThread "VM Thread" [stack: 0x00000022eec00000,0x00000022eed00000] [id=22844]
  0x000001d42c538b20 WatcherThread [stack: 0x00000022ef700000,0x00000022ef800000] [id=28996]
  0x000001d40d6c7d80 GCTaskThread "GC Thread#0" [stack: 0x00000022ee700000,0x00000022ee800000] [id=24844]
  0x000001d431415a60 GCTaskThread "GC Thread#1" [stack: 0x00000022efa00000,0x00000022efb00000] [id=12336]
  0x000001d42c5d4740 GCTaskThread "GC Thread#2" [stack: 0x00000022efb00000,0x00000022efc00000] [id=28384]
  0x000001d4313f8980 GCTaskThread "GC Thread#3" [stack: 0x00000022efc00000,0x00000022efd00000] [id=26564]
  0x000001d43144d280 GCTaskThread "GC Thread#4" [stack: 0x00000022efd00000,0x00000022efe00000] [id=10884]
  0x000001d43144df60 GCTaskThread "GC Thread#5" [stack: 0x00000022efe00000,0x00000022eff00000] [id=21224]
  0x000001d43193ed70 GCTaskThread "GC Thread#6" [stack: 0x00000022f0000000,0x00000022f0100000] [id=10820]
  0x000001d431c1fd00 GCTaskThread "GC Thread#7" [stack: 0x00000022f0100000,0x00000022f0200000] [id=14224]
  0x000001d431b52290 GCTaskThread "GC Thread#8" [stack: 0x00000022f0200000,0x00000022f0300000] [id=9084]
  0x000001d431bea050 GCTaskThread "GC Thread#9" [stack: 0x00000022f0300000,0x00000022f0400000] [id=26176]
  0x000001d40d6d8890 ConcurrentGCThread "G1 Main Marker" [stack: 0x00000022ee800000,0x00000022ee900000] [id=12824]
  0x000001d40d6d92b0 ConcurrentGCThread "G1 Conc#0" [stack: 0x00000022ee900000,0x00000022eea00000] [id=18788]
  0x000001d431dbe3c0 ConcurrentGCThread "G1 Conc#1" [stack: 0x00000022f0400000,0x00000022f0500000] [id=25468]
  0x000001d431a06720 ConcurrentGCThread "G1 Conc#2" [stack: 0x00000022f0500000,0x00000022f0600000] [id=6284]
  0x000001d40d70e630 ConcurrentGCThread "G1 Refine#0" [stack: 0x00000022eea00000,0x00000022eeb00000] [id=23844]
  0x000001d433596fd0 ConcurrentGCThread "G1 Refine#1" [stack: 0x00000022f0600000,0x00000022f0700000] [id=14880]
  0x000001d43545d6a0 ConcurrentGCThread "G1 Refine#2" [stack: 0x00000022f0700000,0x00000022f0800000] [id=28516]
  0x000001d42b8fc150 ConcurrentGCThread "G1 Service" [stack: 0x00000022eeb00000,0x00000022eec00000] [id=28744]

Threads with active compile tasks:
C2 CompilerThread0     7789 9568       4       org.jetbrains.kotlin.load.java.components.JavaAnnotationMapper::findMappedJavaAnnotation (134 bytes)
C1 CompilerThread0     7790 9600       3       org.jetbrains.kotlin.psi.psiUtil.KtPsiUtilKt::isFirstStatement (62 bytes)
C2 CompilerThread1     7790 9455       4       org.jetbrains.kotlin.types.checker.NewCapturedTypeKt::captureArguments (659 bytes)
C2 CompilerThread2     7790 9496       4       kotlin.collections.CollectionsKt___CollectionsKt::plus (87 bytes)

VM state: not at safepoint (normal execution)

VM Mutex/Monitor currently owned by a thread: None

Heap address: 0x0000000704400000, size: 4028 MB, Compressed Oops mode: Zero based, Oop shift amount: 3

CDS archive(s) not mapped
Compressed class space mapped at: 0x0000000800000000-0x0000000840000000, reserved size: 1073741824
Narrow klass base: 0x0000000800000000, Narrow klass shift: 0, Narrow klass range: 0x40000000

GC Precious Log:
 CPUs: 12 total, 12 available
 Memory: 16108M
 Large Page Support: Disabled
 NUMA Support: Disabled
 Compressed Oops: Enabled (Zero based)
 Heap Region Size: 2M
 Heap Min Capacity: 8M
 Heap Initial Capacity: 252M
 Heap Max Capacity: 4028M
 Pre-touch: Disabled
 Parallel Workers: 10
 Concurrent Workers: 3
 Concurrent Refinement Workers: 10
 Periodic GC: Disabled

Heap:
 garbage-first heap   total 192512K, used 141719K [0x0000000704400000, 0x0000000800000000)
  region size 2048K, 45 young (92160K), 1 survivors (2048K)
 Metaspace       used 64990K, committed 65280K, reserved 1114112K
  class space    used 7455K, committed 7616K, reserved 1048576K

Heap Regions: E=young(eden), S=young(survivor), O=old, HS=humongous(starts), HC=humongous(continues), CS=collection set, F=free, OA=open archive, CA=closed archive, TAMS=top-at-mark-start (previous, next)
|   0|0x0000000704400000, 0x0000000704600000, 0x0000000704600000|100%|HS|  |TAMS 0x0000000704600000, 0x0000000704400000| Complete 
|   1|0x0000000704600000, 0x0000000704800000, 0x0000000704800000|100%|HC|  |TAMS 0x0000000704800000, 0x0000000704600000| Complete 
|   2|0x0000000704800000, 0x0000000704a00000, 0x0000000704a00000|100%|HS|  |TAMS 0x0000000704a00000, 0x0000000704800000| Complete 
|   3|0x0000000704a00000, 0x0000000704c00000, 0x0000000704c00000|100%|HC|  |TAMS 0x0000000704c00000, 0x0000000704a00000| Complete 
|   4|0x0000000704c00000, 0x0000000704e00000, 0x0000000704e00000|100%| O|  |TAMS 0x0000000704e00000, 0x0000000704c00000| Untracked 
|   5|0x0000000704e00000, 0x0000000705000000, 0x0000000705000000|100%| O|  |TAMS 0x0000000705000000, 0x0000000704e00000| Untracked 
|   6|0x0000000705000000, 0x0000000705200000, 0x0000000705200000|100%|HS|  |TAMS 0x0000000705200000, 0x0000000705000000| Complete 
|   7|0x0000000705200000, 0x0000000705400000, 0x0000000705400000|100%| O|  |TAMS 0x0000000705400000, 0x0000000705200000| Untracked 
|   8|0x0000000705400000, 0x0000000705600000, 0x0000000705600000|100%| O|  |TAMS 0x0000000705600000, 0x0000000705400000| Untracked 
|   9|0x0000000705600000, 0x0000000705800000, 0x0000000705800000|100%| O|  |TAMS 0x0000000705800000, 0x0000000705600000| Untracked 
|  10|0x0000000705800000, 0x0000000705a00000, 0x0000000705a00000|100%| O|  |TAMS 0x0000000705a00000, 0x0000000705800000| Untracked 
|  11|0x0000000705a00000, 0x0000000705c00000, 0x0000000705c00000|100%| O|  |TAMS 0x0000000705c00000, 0x0000000705a00000| Untracked 
|  12|0x0000000705c00000, 0x0000000705e00000, 0x0000000705e00000|100%| O|  |TAMS 0x0000000705e00000, 0x0000000705c00000| Untracked 
|  13|0x0000000705e00000, 0x0000000706000000, 0x0000000706000000|100%| O|  |TAMS 0x0000000706000000, 0x0000000705e00000| Untracked 
|  14|0x0000000706000000, 0x0000000706200000, 0x0000000706200000|100%| O|  |TAMS 0x0000000706200000, 0x0000000706000000| Untracked 
|  15|0x0000000706200000, 0x0000000706400000, 0x0000000706400000|100%| O|  |TAMS 0x0000000706400000, 0x0000000706200000| Untracked 
|  16|0x0000000706400000, 0x0000000706600000, 0x0000000706600000|100%| O|  |TAMS 0x0000000706600000, 0x0000000706400000| Untracked 
|  17|0x0000000706600000, 0x0000000706800000, 0x0000000706800000|100%| O|  |TAMS 0x0000000706800000, 0x0000000706600000| Untracked 
|  18|0x0000000706800000, 0x0000000706a00000, 0x0000000706a00000|100%| O|  |TAMS 0x0000000706a00000, 0x0000000706800000| Untracked 
|  19|0x0000000706a00000, 0x0000000706c00000, 0x0000000706c00000|100%| O|  |TAMS 0x0000000706c00000, 0x0000000706a00000| Untracked 
|  20|0x0000000706c00000, 0x0000000706e00000, 0x0000000706e00000|100%| O|  |TAMS 0x0000000706e00000, 0x0000000706c00000| Untracked 
|  21|0x0000000706e00000, 0x0000000707000000, 0x0000000707000000|100%| O|  |TAMS 0x0000000707000000, 0x0000000706e00000| Untracked 
|  22|0x0000000707000000, 0x0000000707200000, 0x0000000707200000|100%| O|  |TAMS 0x00000007070ab800, 0x0000000707000000| Untracked 
|  23|0x0000000707200000, 0x0000000707400000, 0x0000000707400000|100%| O|  |TAMS 0x0000000707200000, 0x0000000707200000| Untracked 
|  24|0x0000000707400000, 0x0000000707600000, 0x0000000707600000|100%| O|  |TAMS 0x0000000707400000, 0x0000000707400000| Untracked 
|  25|0x0000000707600000, 0x000000070771ec00, 0x0000000707800000| 56%| O|  |TAMS 0x0000000707600000, 0x0000000707600000| Untracked 
|  26|0x0000000707800000, 0x0000000707800000, 0x0000000707a00000|  0%| F|  |TAMS 0x0000000707800000, 0x0000000707800000| Untracked 
|  27|0x0000000707a00000, 0x0000000707a00000, 0x0000000707c00000|  0%| F|  |TAMS 0x0000000707a00000, 0x0000000707a00000| Untracked 
|  28|0x0000000707c00000, 0x0000000707c00000, 0x0000000707e00000|  0%| F|  |TAMS 0x0000000707c00000, 0x0000000707c00000| Untracked 
|  29|0x0000000707e00000, 0x0000000707e00000, 0x0000000708000000|  0%| F|  |TAMS 0x0000000707e00000, 0x0000000707e00000| Untracked 
|  30|0x0000000708000000, 0x0000000708000000, 0x0000000708200000|  0%| F|  |TAMS 0x0000000708000000, 0x0000000708000000| Untracked 
|  31|0x0000000708200000, 0x0000000708200000, 0x0000000708400000|  0%| F|  |TAMS 0x0000000708200000, 0x0000000708200000| Untracked 
|  32|0x0000000708400000, 0x0000000708400000, 0x0000000708600000|  0%| F|  |TAMS 0x0000000708400000, 0x0000000708400000| Untracked 
|  33|0x0000000708600000, 0x0000000708600000, 0x0000000708800000|  0%| F|  |TAMS 0x0000000708600000, 0x0000000708600000| Untracked 
|  34|0x0000000708800000, 0x0000000708800000, 0x0000000708a00000|  0%| F|  |TAMS 0x0000000708800000, 0x0000000708800000| Untracked 
|  35|0x0000000708a00000, 0x0000000708a00000, 0x0000000708c00000|  0%| F|  |TAMS 0x0000000708a00000, 0x0000000708a00000| Untracked 
|  36|0x0000000708c00000, 0x0000000708c00000, 0x0000000708e00000|  0%| F|  |TAMS 0x0000000708c00000, 0x0000000708c00000| Untracked 
|  37|0x0000000708e00000, 0x0000000708e00000, 0x0000000709000000|  0%| F|  |TAMS 0x0000000708e00000, 0x0000000708e00000| Untracked 
|  38|0x0000000709000000, 0x0000000709000000, 0x0000000709200000|  0%| F|  |TAMS 0x0000000709000000, 0x0000000709000000| Untracked 
|  39|0x0000000709200000, 0x0000000709200000, 0x0000000709400000|  0%| F|  |TAMS 0x0000000709200000, 0x0000000709200000| Untracked 
|  40|0x0000000709400000, 0x0000000709400000, 0x0000000709600000|  0%| F|  |TAMS 0x0000000709400000, 0x0000000709400000| Untracked 
|  41|0x0000000709600000, 0x0000000709600000, 0x0000000709800000|  0%| F|  |TAMS 0x0000000709600000, 0x0000000709600000| Untracked 
|  42|0x0000000709800000, 0x0000000709800000, 0x0000000709a00000|  0%| F|  |TAMS 0x0000000709800000, 0x0000000709800000| Untracked 
|  43|0x0000000709a00000, 0x0000000709a00000, 0x0000000709c00000|  0%| F|  |TAMS 0x0000000709a00000, 0x0000000709a00000| Untracked 
|  44|0x0000000709c00000, 0x0000000709c00000, 0x0000000709e00000|  0%| F|  |TAMS 0x0000000709c00000, 0x0000000709c00000| Untracked 
|  45|0x0000000709e00000, 0x0000000709e00000, 0x000000070a000000|  0%| F|  |TAMS 0x0000000709e00000, 0x0000000709e00000| Untracked 
|  46|0x000000070a000000, 0x000000070a000000, 0x000000070a200000|  0%| F|  |TAMS 0x000000070a000000, 0x000000070a000000| Untracked 
|  47|0x000000070a200000, 0x000000070a200000, 0x000000070a400000|  0%| F|  |TAMS 0x000000070a200000, 0x000000070a200000| Untracked 
|  48|0x000000070a400000, 0x000000070a400000, 0x000000070a600000|  0%| F|  |TAMS 0x000000070a400000, 0x000000070a400000| Untracked 
|  49|0x000000070a600000, 0x000000070a700800, 0x000000070a800000| 50%| E|  |TAMS 0x000000070a600000, 0x000000070a600000| Complete 
|  50|0x000000070a800000, 0x000000070aa00000, 0x000000070aa00000|100%| E|CS|TAMS 0x000000070a800000, 0x000000070a800000| Complete 
|  51|0x000000070aa00000, 0x000000070ac00000, 0x000000070ac00000|100%| E|CS|TAMS 0x000000070aa00000, 0x000000070aa00000| Complete 
|  52|0x000000070ac00000, 0x000000070ae00000, 0x000000070ae00000|100%| E|CS|TAMS 0x000000070ac00000, 0x000000070ac00000| Complete 
|  53|0x000000070ae00000, 0x000000070b000000, 0x000000070b000000|100%| E|CS|TAMS 0x000000070ae00000, 0x000000070ae00000| Complete 
|  54|0x000000070b000000, 0x000000070b200000, 0x000000070b200000|100%| E|CS|TAMS 0x000000070b000000, 0x000000070b000000| Complete 
|  55|0x000000070b200000, 0x000000070b400000, 0x000000070b400000|100%| E|CS|TAMS 0x000000070b200000, 0x000000070b200000| Complete 
|  56|0x000000070b400000, 0x000000070b600000, 0x000000070b600000|100%| E|CS|TAMS 0x000000070b400000, 0x000000070b400000| Complete 
|  57|0x000000070b600000, 0x000000070b800000, 0x000000070b800000|100%| E|CS|TAMS 0x000000070b600000, 0x000000070b600000| Complete 
|  58|0x000000070b800000, 0x000000070ba00000, 0x000000070ba00000|100%| E|CS|TAMS 0x000000070b800000, 0x000000070b800000| Complete 
|  59|0x000000070ba00000, 0x000000070bc00000, 0x000000070bc00000|100%| E|CS|TAMS 0x000000070ba00000, 0x000000070ba00000| Complete 
|  60|0x000000070bc00000, 0x000000070be00000, 0x000000070be00000|100%| E|CS|TAMS 0x000000070bc00000, 0x000000070bc00000| Complete 
|  61|0x000000070be00000, 0x000000070c000000, 0x000000070c000000|100%| E|CS|TAMS 0x000000070be00000, 0x000000070be00000| Complete 
|  62|0x000000070c000000, 0x000000070c200000, 0x000000070c200000|100%| E|CS|TAMS 0x000000070c000000, 0x000000070c000000| Complete 
|  63|0x000000070c200000, 0x000000070c400000, 0x000000070c400000|100%| E|CS|TAMS 0x000000070c200000, 0x000000070c200000| Complete 
|  64|0x000000070c400000, 0x000000070c600000, 0x000000070c600000|100%| E|CS|TAMS 0x000000070c400000, 0x000000070c400000| Complete 
|  65|0x000000070c600000, 0x000000070c800000, 0x000000070c800000|100%| E|CS|TAMS 0x000000070c600000, 0x000000070c600000| Complete 
|  66|0x000000070c800000, 0x000000070ca00000, 0x000000070ca00000|100%| E|CS|TAMS 0x000000070c800000, 0x000000070c800000| Complete 
|  67|0x000000070ca00000, 0x000000070cc00000, 0x000000070cc00000|100%| E|CS|TAMS 0x000000070ca00000, 0x000000070ca00000| Complete 
|  68|0x000000070cc00000, 0x000000070ce00000, 0x000000070ce00000|100%| E|CS|TAMS 0x000000070cc00000, 0x000000070cc00000| Complete 
|  69|0x000000070ce00000, 0x000000070d000000, 0x000000070d000000|100%| E|CS|TAMS 0x000000070ce00000, 0x000000070ce00000| Complete 
|  70|0x000000070d000000, 0x000000070d200000, 0x000000070d200000|100%| E|CS|TAMS 0x000000070d000000, 0x000000070d000000| Complete 
|  71|0x000000070d200000, 0x000000070d400000, 0x000000070d400000|100%| E|CS|TAMS 0x000000070d200000, 0x000000070d200000| Complete 
|  72|0x000000070d400000, 0x000000070d600000, 0x000000070d600000|100%| E|CS|TAMS 0x000000070d400000, 0x000000070d400000| Complete 
|  73|0x000000070d600000, 0x000000070d800000, 0x000000070d800000|100%| E|CS|TAMS 0x000000070d600000, 0x000000070d600000| Complete 
|  74|0x000000070d800000, 0x000000070da00000, 0x000000070da00000|100%| E|CS|TAMS 0x000000070d800000, 0x000000070d800000| Complete 
|  75|0x000000070da00000, 0x000000070dc00000, 0x000000070dc00000|100%| E|CS|TAMS 0x000000070da00000, 0x000000070da00000| Complete 
|  76|0x000000070dc00000, 0x000000070de00000, 0x000000070de00000|100%| E|CS|TAMS 0x000000070dc00000, 0x000000070dc00000| Complete 
|  77|0x000000070de00000, 0x000000070e000000, 0x000000070e000000|100%| E|CS|TAMS 0x000000070de00000, 0x000000070de00000| Complete 
|  78|0x000000070e000000, 0x000000070e200000, 0x000000070e200000|100%| E|CS|TAMS 0x000000070e000000, 0x000000070e000000| Complete 
|  79|0x000000070e200000, 0x000000070e400000, 0x000000070e400000|100%| E|CS|TAMS 0x000000070e200000, 0x000000070e200000| Complete 
|  80|0x000000070e400000, 0x000000070e600000, 0x000000070e600000|100%| E|CS|TAMS 0x000000070e400000, 0x000000070e400000| Complete 
|  81|0x000000070e600000, 0x000000070e800000, 0x000000070e800000|100%| E|CS|TAMS 0x000000070e600000, 0x000000070e600000| Complete 
|  82|0x000000070e800000, 0x000000070ea00000, 0x000000070ea00000|100%| E|CS|TAMS 0x000000070e800000, 0x000000070e800000| Complete 
|  83|0x000000070ea00000, 0x000000070ec00000, 0x000000070ec00000|100%| E|CS|TAMS 0x000000070ea00000, 0x000000070ea00000| Complete 
|  84|0x000000070ec00000, 0x000000070ee00000, 0x000000070ee00000|100%| E|CS|TAMS 0x000000070ec00000, 0x000000070ec00000| Complete 
|  85|0x000000070ee00000, 0x000000070f000000, 0x000000070f000000|100%| E|CS|TAMS 0x000000070ee00000, 0x000000070ee00000| Complete 
|  86|0x000000070f000000, 0x000000070f200000, 0x000000070f200000|100%| E|CS|TAMS 0x000000070f000000, 0x000000070f000000| Complete 
|  87|0x000000070f200000, 0x000000070f400000, 0x000000070f400000|100%| E|CS|TAMS 0x000000070f200000, 0x000000070f200000| Complete 
|  88|0x000000070f400000, 0x000000070f600000, 0x000000070f600000|100%| E|CS|TAMS 0x000000070f400000, 0x000000070f400000| Complete 
|  89|0x000000070f600000, 0x000000070f800000, 0x000000070f800000|100%| E|CS|TAMS 0x000000070f600000, 0x000000070f600000| Complete 
|  90|0x000000070f800000, 0x000000070fa00000, 0x000000070fa00000|100%| E|CS|TAMS 0x000000070f800000, 0x000000070f800000| Complete 
|  91|0x000000070fa00000, 0x000000070fc00000, 0x000000070fc00000|100%| E|CS|TAMS 0x000000070fa00000, 0x000000070fa00000| Complete 
| 120|0x0000000713400000, 0x00000007135472d0, 0x0000000713600000| 63%| S|CS|TAMS 0x0000000713400000, 0x0000000713400000| Complete 
| 125|0x0000000713e00000, 0x0000000714000000, 0x0000000714000000|100%| E|CS|TAMS 0x0000000713e00000, 0x0000000713e00000| Complete 

Card table byte_map: [0x000001d420860000,0x000001d421040000] _byte_map_base: 0x000001d41d03e000

Marking Bits (Prev, Next): (CMBitMap*) 0x000001d40d6c83e0, (CMBitMap*) 0x000001d40d6c83a0
 Prev Bits: [0x000001d425710000, 0x000001d429600000)
 Next Bits: [0x000001d421820000, 0x000001d425710000)

Polling page: 0x000001d40b550000

Metaspace:

Usage:
  Non-class:     56.19 MB used.
      Class:      7.28 MB used.
       Both:     63.47 MB used.

Virtual space:
  Non-class space:       64.00 MB reserved,      56.38 MB ( 88%) committed,  1 nodes.
      Class space:        1.00 GB reserved,       7.44 MB ( <1%) committed,  1 nodes.
             Both:        1.06 GB reserved,      63.81 MB (  6%) committed. 

Chunk freelists:
   Non-Class:  7.36 MB
       Class:  8.54 MB
        Both:  15.90 MB

MaxMetaspaceSize: unlimited
CompressedClassSpaceSize: 1.00 GB
Initial GC threshold: 21.00 MB
Current GC threshold: 98.88 MB
CDS: off
MetaspaceReclaimPolicy: balanced
 - commit_granule_bytes: 65536.
 - commit_granule_words: 8192.
 - virtual_space_node_default_size: 8388608.
 - enlarge_chunks_in_place: 1.
 - new_chunks_are_fully_committed: 0.
 - uncommit_free_chunks: 1.
 - use_allocation_guard: 0.
 - handle_deallocations: 1.


Internal statistics:

num_allocs_failed_limit: 9.
num_arena_births: 334.
num_arena_deaths: 0.
num_vsnodes_births: 2.
num_vsnodes_deaths: 0.
num_space_committed: 1019.
num_space_uncommitted: 0.
num_chunks_returned_to_freelist: 9.
num_chunks_taken_from_freelist: 2398.
num_chunk_merges: 9.
num_chunk_splits: 1863.
num_chunks_enlarged: 1594.
num_inconsistent_stats: 0.

CodeHeap 'non-profiled nmethods': size=120000Kb used=4497Kb max_used=4893Kb free=115502Kb
 bounds [0x000001d418600000, 0x000001d418ad0000, 0x000001d41fb30000]
CodeHeap 'profiled nmethods': size=120000Kb used=23164Kb max_used=23373Kb free=96835Kb
 bounds [0x000001d410b30000, 0x000001d412230000, 0x000001d418060000]
CodeHeap 'non-nmethods': size=5760Kb used=1313Kb max_used=1387Kb free=4446Kb
 bounds [0x000001d418060000, 0x000001d4182d0000, 0x000001d418600000]
 total_blobs=8719 nmethods=8089 adapters=539
 compilation: enabled
              stopped_count=0, restarted_count=0
 full_count=0

Compilation events (20 events):
Event: 7.692 Thread 0x000001d42c3aa9a0 nmethod 9565 0x000001d411298790 code [0x000001d411298b20, 0x000001d41129a548]
Event: 7.692 Thread 0x000001d42c3aa9a0 9566       3       org.jetbrains.kotlin.resolve.deprecation.DeprecationResolver::getDeprecationFromUserData (36 bytes)
Event: 7.693 Thread 0x000001d42c3aa9a0 nmethod 9566 0x000001d411292110 code [0x000001d411292300, 0x000001d411292948]
Event: 7.693 Thread 0x000001d42c3aa9a0 9559       3       org.jetbrains.kotlin.resolve.scopes.LazyScopeAdapter::<init> (23 bytes)
Event: 7.693 Thread 0x000001d42c3aa9a0 nmethod 9559 0x000001d4114d3490 code [0x000001d4114d3640, 0x000001d4114d3818]
Event: 7.693 Thread 0x000001d42c3aa9a0 9567       3       org.jetbrains.kotlin.resolve.calls.model.ResolvedCallImpl::getValueArguments (14 bytes)
Event: 7.694 Thread 0x000001d42c3aa9a0 nmethod 9567 0x000001d410e34710 code [0x000001d410e348c0, 0x000001d410e34a48]
Event: 7.694 Thread 0x000001d42c3aa9a0 9569       3       org.jetbrains.kotlin.resolve.source.KotlinSourceElementKt::toSourceElement (39 bytes)
Event: 7.694 Thread 0x000001d42c3aa9a0 nmethod 9569 0x000001d4117eb810 code [0x000001d4117eba80, 0x000001d4117ec388]
Event: 7.697 Thread 0x000001d42c3aa9a0 9570       3       org.jetbrains.kotlin.resolve.calls.tower.NewAbstractResolvedCall::getArgumentMapping (72 bytes)
Event: 7.699 Thread 0x000001d42c3aa9a0 nmethod 9570 0x000001d411645f10 code [0x000001d411646360, 0x000001d411648118]
Event: 7.699 Thread 0x000001d42c3aa9a0 9573       3       org.jetbrains.kotlin.resolve.deprecation.DeprecationResolver::getOwnDeprecations (261 bytes)
Event: 7.700 Thread 0x000001d42c3aa9a0 nmethod 9573 0x000001d411642e10 code [0x000001d411643240, 0x000001d411645798]
Event: 7.700 Thread 0x000001d42c3aa9a0 9572       3       javaslang.collection.HashArrayMappedTrieModule$AbstractNode$$Lambda$337/0x000000080075b498::apply (8 bytes)
Event: 7.700 Thread 0x000001d42c3aa9a0 nmethod 9572 0x000001d4112bbc90 code [0x000001d4112bbe80, 0x000001d4112bc4b8]
Event: 7.700 Thread 0x000001d42c3aa9a0 9571       3       org.jetbrains.kotlin.types.expressions.ControlStructureTypingUtils$1::getCallElement (13 bytes)
Event: 7.700 Thread 0x000001d42c3aa9a0 nmethod 9571 0x000001d411007e10 code [0x000001d411007fc0, 0x000001d411008148]
Event: 7.700 Thread 0x000001d42c3aa9a0 9575       3       org.jetbrains.kotlin.resolve.calls.smartcasts.IdentifierInfo$Variable::equals (51 bytes)
Event: 7.701 Thread 0x000001d42c3aa9a0 nmethod 9575 0x000001d411460e90 code [0x000001d411461060, 0x000001d4114616a8]
Event: 7.701 Thread 0x000001d42c3aa9a0 9574       3       org.jetbrains.kotlin.resolve.calls.CallExpressionResolver::getUnsafeSelectorTypeInfo (126 bytes)

GC Heap History (20 events):
Event: 1.400 GC heap before
{Heap before GC invocations=4 (full 0):
 garbage-first heap   total 49152K, used 35094K [0x0000000704400000, 0x0000000800000000)
  region size 2048K, 15 young (30720K), 4 survivors (8192K)
 Metaspace       used 27841K, committed 28096K, reserved 1114112K
  class space    used 3063K, committed 3200K, reserved 1048576K
}
Event: 1.404 GC heap after
{Heap after GC invocations=5 (full 0):
 garbage-first heap   total 49152K, used 16357K [0x0000000704400000, 0x0000000800000000)
  region size 2048K, 4 young (8192K), 4 survivors (8192K)
 Metaspace       used 27841K, committed 28096K, reserved 1114112K
  class space    used 3063K, committed 3200K, reserved 1048576K
}
Event: 1.720 GC heap before
{Heap before GC invocations=5 (full 0):
 garbage-first heap   total 49152K, used 32741K [0x0000000704400000, 0x0000000800000000)
  region size 2048K, 13 young (26624K), 4 survivors (8192K)
 Metaspace       used 31239K, committed 31488K, reserved 1114112K
  class space    used 3785K, committed 3904K, reserved 1048576K
}
Event: 1.727 GC heap after
{Heap after GC invocations=6 (full 0):
 garbage-first heap   total 49152K, used 21473K [0x0000000704400000, 0x0000000800000000)
  region size 2048K, 2 young (4096K), 2 survivors (4096K)
 Metaspace       used 31239K, committed 31488K, reserved 1114112K
  class space    used 3785K, committed 3904K, reserved 1048576K
}
Event: 1.904 GC heap before
{Heap before GC invocations=6 (full 0):
 garbage-first heap   total 49152K, used 35809K [0x0000000704400000, 0x0000000800000000)
  region size 2048K, 9 young (18432K), 2 survivors (4096K)
 Metaspace       used 34133K, committed 34368K, reserved 1114112K
  class space    used 4339K, committed 4416K, reserved 1048576K
}
Event: 1.910 GC heap after
{Heap after GC invocations=7 (full 0):
 garbage-first heap   total 49152K, used 24303K [0x0000000704400000, 0x0000000800000000)
  region size 2048K, 2 young (4096K), 2 survivors (4096K)
 Metaspace       used 34133K, committed 34368K, reserved 1114112K
  class space    used 4339K, committed 4416K, reserved 1048576K
}
Event: 1.984 GC heap before
{Heap before GC invocations=7 (full 0):
 garbage-first heap   total 49152K, used 32495K [0x0000000704400000, 0x0000000800000000)
  region size 2048K, 7 young (14336K), 2 survivors (4096K)
 Metaspace       used 35984K, committed 36160K, reserved 1114112K
  class space    used 4536K, committed 4608K, reserved 1048576K
}
Event: 1.987 GC heap after
{Heap after GC invocations=8 (full 0):
 garbage-first heap   total 49152K, used 26028K [0x0000000704400000, 0x0000000800000000)
  region size 2048K, 1 young (2048K), 1 survivors (2048K)
 Metaspace       used 35984K, committed 36160K, reserved 1114112K
  class space    used 4536K, committed 4608K, reserved 1048576K
}
Event: 2.082 GC heap before
{Heap before GC invocations=9 (full 0):
 garbage-first heap   total 49152K, used 34220K [0x0000000704400000, 0x0000000800000000)
  region size 2048K, 6 young (12288K), 1 survivors (2048K)
 Metaspace       used 37758K, committed 37952K, reserved 1114112K
  class space    used 4756K, committed 4864K, reserved 1048576K
}
Event: 2.085 GC heap after
{Heap after GC invocations=10 (full 0):
 garbage-first heap   total 153600K, used 25774K [0x0000000704400000, 0x0000000800000000)
  region size 2048K, 1 young (2048K), 1 survivors (2048K)
 Metaspace       used 37758K, committed 37952K, reserved 1114112K
  class space    used 4756K, committed 4864K, reserved 1048576K
}
Event: 2.119 GC heap before
{Heap before GC invocations=10 (full 0):
 garbage-first heap   total 153600K, used 29870K [0x0000000704400000, 0x0000000800000000)
  region size 2048K, 3 young (6144K), 1 survivors (2048K)
 Metaspace       used 38641K, committed 38848K, reserved 1114112K
  class space    used 4851K, committed 4928K, reserved 1048576K
}
Event: 2.123 GC heap after
{Heap after GC invocations=11 (full 0):
 garbage-first heap   total 153600K, used 26015K [0x0000000704400000, 0x0000000800000000)
  region size 2048K, 1 young (2048K), 1 survivors (2048K)
 Metaspace       used 38641K, committed 38848K, reserved 1114112K
  class space    used 4851K, committed 4928K, reserved 1048576K
}
Event: 2.871 GC heap before
{Heap before GC invocations=11 (full 0):
 garbage-first heap   total 153600K, used 101791K [0x0000000704400000, 0x0000000800000000)
  region size 2048K, 37 young (75776K), 1 survivors (2048K)
 Metaspace       used 49786K, committed 50112K, reserved 1114112K
  class space    used 5990K, committed 6144K, reserved 1048576K
}
Event: 2.878 GC heap after
{Heap after GC invocations=12 (full 0):
 garbage-first heap   total 153600K, used 35522K [0x0000000704400000, 0x0000000800000000)
  region size 2048K, 4 young (8192K), 4 survivors (8192K)
 Metaspace       used 49786K, committed 50112K, reserved 1114112K
  class space    used 5990K, committed 6144K, reserved 1048576K
}
Event: 3.956 GC heap before
{Heap before GC invocations=12 (full 0):
 garbage-first heap   total 153600K, used 105154K [0x0000000704400000, 0x0000000800000000)
  region size 2048K, 38 young (77824K), 4 survivors (8192K)
 Metaspace       used 57313K, committed 57600K, reserved 1114112K
  class space    used 6775K, committed 6912K, reserved 1048576K
}
Event: 3.972 GC heap after
{Heap after GC invocations=13 (full 0):
 garbage-first heap   total 153600K, used 45236K [0x0000000704400000, 0x0000000800000000)
  region size 2048K, 5 young (10240K), 5 survivors (10240K)
 Metaspace       used 57313K, committed 57600K, reserved 1114112K
  class space    used 6775K, committed 6912K, reserved 1048576K
}
Event: 4.664 GC heap before
{Heap before GC invocations=13 (full 0):
 garbage-first heap   total 153600K, used 106676K [0x0000000704400000, 0x0000000800000000)
  region size 2048K, 35 young (71680K), 5 survivors (10240K)
 Metaspace       used 59581K, committed 59840K, reserved 1114112K
  class space    used 7047K, committed 7168K, reserved 1048576K
}
Event: 4.681 GC heap after
{Heap after GC invocations=14 (full 0):
 garbage-first heap   total 153600K, used 51886K [0x0000000704400000, 0x0000000800000000)
  region size 2048K, 3 young (6144K), 3 survivors (6144K)
 Metaspace       used 59581K, committed 59840K, reserved 1114112K
  class space    used 7047K, committed 7168K, reserved 1048576K
}
Event: 4.899 GC heap before
{Heap before GC invocations=14 (full 0):
 garbage-first heap   total 153600K, used 55982K [0x0000000704400000, 0x0000000800000000)
  region size 2048K, 6 young (12288K), 3 survivors (6144K)
 Metaspace       used 60362K, committed 60608K, reserved 1114112K
  class space    used 7120K, committed 7232K, reserved 1048576K
}
Event: 4.910 GC heap after
{Heap after GC invocations=15 (full 0):
 garbage-first heap   total 215040K, used 53655K [0x0000000704400000, 0x0000000800000000)
  region size 2048K, 1 young (2048K), 1 survivors (2048K)
 Metaspace       used 60362K, committed 60608K, reserved 1114112K
  class space    used 7120K, committed 7232K, reserved 1048576K
}

Dll operation events (2 events):
Event: 0.015 Loaded shared library C:\Program Files\Android\Android Studio\jbr\bin\java.dll
Event: 1.007 Loaded shared library C:\Program Files\Android\Android Studio\jbr\bin\verify.dll

Deoptimization events (20 events):
Event: 7.604 Thread 0x000001d40d6582f0 DEOPT PACKING pc=0x000001d411bd4c0c sp=0x00000022ee6f90c0
Event: 7.604 Thread 0x000001d40d6582f0 DEOPT UNPACKING pc=0x000001d4180b7143 sp=0x00000022ee6f8570 mode 0
Event: 7.614 Thread 0x000001d40d6582f0 DEOPT PACKING pc=0x000001d4121fc81d sp=0x00000022ee6f7990
Event: 7.614 Thread 0x000001d40d6582f0 DEOPT UNPACKING pc=0x000001d4180b7143 sp=0x00000022ee6f6e20 mode 0
Event: 7.635 Thread 0x000001d40d6582f0 Uncommon trap: trap_request=0xffffff45 fr.pc=0x000001d418a4d408 relative=0x00000000000017a8
Event: 7.635 Thread 0x000001d40d6582f0 Uncommon trap: reason=unstable_if action=reinterpret pc=0x000001d418a4d408 method=org.jetbrains.org.objectweb.asm.ClassReader.readElementValue(Lorg/jetbrains/org/objectweb/asm/AnnotationVisitor;ILjava/lang/String;[C)I @ 102 c2
Event: 7.635 Thread 0x000001d40d6582f0 DEOPT PACKING pc=0x000001d418a4d408 sp=0x00000022ee6f7dd0
Event: 7.635 Thread 0x000001d40d6582f0 DEOPT UNPACKING pc=0x000001d4180b69a3 sp=0x00000022ee6f7d50 mode 2
Event: 7.664 Thread 0x000001d40d6582f0 Uncommon trap: trap_request=0xffffffc6 fr.pc=0x000001d4189abb60 relative=0x0000000000000bc0
Event: 7.664 Thread 0x000001d40d6582f0 Uncommon trap: reason=bimorphic_or_optimized_type_check action=maybe_recompile pc=0x000001d4189abb60 method=org.jetbrains.kotlin.types.checker.ClassicTypeSystemContext$DefaultImpls.typeDepth(Lorg/jetbrains/kotlin/types/checker/ClassicTypeSystemContext;Lor
Event: 7.664 Thread 0x000001d40d6582f0 DEOPT PACKING pc=0x000001d4189abb60 sp=0x00000022ee6fbd90
Event: 7.664 Thread 0x000001d40d6582f0 DEOPT UNPACKING pc=0x000001d4180b69a3 sp=0x00000022ee6fbcc8 mode 2
Event: 7.664 Thread 0x000001d40d6582f0 Uncommon trap: trap_request=0xffffffc6 fr.pc=0x000001d4189abb60 relative=0x0000000000000bc0
Event: 7.664 Thread 0x000001d40d6582f0 Uncommon trap: reason=bimorphic_or_optimized_type_check action=maybe_recompile pc=0x000001d4189abb60 method=org.jetbrains.kotlin.types.checker.ClassicTypeSystemContext$DefaultImpls.typeDepth(Lorg/jetbrains/kotlin/types/checker/ClassicTypeSystemContext;Lor
Event: 7.664 Thread 0x000001d40d6582f0 DEOPT PACKING pc=0x000001d4189abb60 sp=0x00000022ee6fbe70
Event: 7.664 Thread 0x000001d40d6582f0 DEOPT UNPACKING pc=0x000001d4180b69a3 sp=0x00000022ee6fbda8 mode 2
Event: 7.666 Thread 0x000001d40d6582f0 Uncommon trap: trap_request=0xffffffc6 fr.pc=0x000001d4189abb60 relative=0x0000000000000bc0
Event: 7.666 Thread 0x000001d40d6582f0 Uncommon trap: reason=bimorphic_or_optimized_type_check action=maybe_recompile pc=0x000001d4189abb60 method=org.jetbrains.kotlin.types.checker.ClassicTypeSystemContext$DefaultImpls.typeDepth(Lorg/jetbrains/kotlin/types/checker/ClassicTypeSystemContext;Lor
Event: 7.666 Thread 0x000001d40d6582f0 DEOPT PACKING pc=0x000001d4189abb60 sp=0x00000022ee6fb8f0
Event: 7.666 Thread 0x000001d40d6582f0 DEOPT UNPACKING pc=0x000001d4180b69a3 sp=0x00000022ee6fb828 mode 2

Classes unloaded (0 events):
No events

Classes redefined (0 events):
No events

Internal exceptions (20 events):
Event: 3.335 Thread 0x000001d40d6582f0 Exception <a 'java/lang/NoSuchMethodError'{0x000000070ba04270}: 'java.lang.Object java.lang.invoke.DirectMethodHandle$Holder.newInvokeSpecial(java.lang.Object, java.lang.Object, java.lang.Object, java.lang.Object, java.lang.Object, java.lang.Object, java.lang.Object, java.lang.Object)'> (0x000000070ba04270) 
thrown [s\src\hotspot\share\interpreter\linkResolver.cpp, line 771]
Event: 3.335 Thread 0x000001d40d6582f0 Exception <a 'java/lang/NoSuchMethodError'{0x000000070ba09888}: 'java.lang.Object java.lang.invoke.DirectMethodHandle$Holder.invokeSpecial(java.lang.Object, java.lang.Object, java.lang.Object, java.lang.Object, java.lang.Object, java.lang.Object, java.lang.Object, java.lang.Object, java.lang.Object)'> (0x000000070ba09888) 
thrown [s\src\hotspot\share\interpreter\linkResolver.cpp, line 771]
Event: 3.335 Thread 0x000001d40d6582f0 Exception <a 'java/lang/NoSuchMethodError'{0x000000070ba0e7b8}: 'java.lang.Object java.lang.invoke.Invokers$Holder.linkToTargetMethod(java.lang.Object, java.lang.Object, java.lang.Object, java.lang.Object, java.lang.Object, java.lang.Object, java.lang.Object, java.lang.Object)'> (0x000000070ba0e7b8) 
thrown [s\src\hotspot\share\interpreter\linkResolver.cpp, line 771]
Event: 3.434 Thread 0x000001d40d6582f0 Exception <a 'java/lang/NoSuchMethodError'{0x000000070b0873c0}: 'java.lang.Object java.lang.invoke.DirectMethodHandle$Holder.invokeSpecial(java.lang.Object, java.lang.Object, java.lang.Object, java.lang.Object, java.lang.Object, java.lang.Object, int)'> (0x000000070b0873c0) 
thrown [s\src\hotspot\share\interpreter\linkResolver.cpp, line 771]
Event: 3.435 Thread 0x000001d40d6582f0 Exception <a 'java/lang/NoSuchMethodError'{0x000000070b090bb8}: 'java.lang.Object java.lang.invoke.DirectMethodHandle$Holder.newInvokeSpecial(java.lang.Object, java.lang.Object, java.lang.Object, java.lang.Object, java.lang.Object, java.lang.Object)'> (0x000000070b090bb8) 
thrown [s\src\hotspot\share\interpreter\linkResolver.cpp, line 771]
Event: 3.538 Thread 0x000001d40d6582f0 Exception <a 'java/lang/NoSuchMethodError'{0x000000070aaa11e0}: 'java.lang.Object java.lang.invoke.DirectMethodHandle$Holder.invokeStaticInit(java.lang.Object, java.lang.Object, java.lang.Object)'> (0x000000070aaa11e0) 
thrown [s\src\hotspot\share\interpreter\linkResolver.cpp, line 771]
Event: 3.932 Thread 0x000001d40d6582f0 Implicit null exception at 0x000001d4186a4e6b to 0x000001d4186a504c
Event: 3.932 Thread 0x000001d40d6582f0 Implicit null exception at 0x000001d41864e874 to 0x000001d41864ea68
Event: 4.208 Thread 0x000001d40d6582f0 Exception <a 'java/lang/NoSuchMethodError'{0x000000070c6b8008}: 'int java.lang.invoke.DirectMethodHandle$Holder.invokeInterface(java.lang.Object, java.lang.Object)'> (0x000000070c6b8008) 
thrown [s\src\hotspot\share\interpreter\linkResolver.cpp, line 771]
Event: 4.337 Thread 0x000001d40d6582f0 Implicit null exception at 0x000001d41876a94c to 0x000001d41876aa34
Event: 4.534 Thread 0x000001d40d6582f0 Exception <a 'java/lang/NoSuchMethodError'{0x000000070a06eb60}: 'int java.lang.invoke.DirectMethodHandle$Holder.invokeStaticInit(java.lang.Object, int)'> (0x000000070a06eb60) 
thrown [s\src\hotspot\share\interpreter\linkResolver.cpp, line 771]
Event: 4.801 Thread 0x000001d40d6582f0 Exception <a 'java/lang/NoSuchMethodError'{0x0000000713962508}: 'java.lang.Object java.lang.invoke.DirectMethodHandle$Holder.invokeInterface(java.lang.Object, java.lang.Object, java.lang.Object)'> (0x0000000713962508) 
thrown [s\src\hotspot\share\interpreter\linkResolver.cpp, line 771]
Event: 4.802 Thread 0x000001d40d6582f0 Exception <a 'java/lang/IncompatibleClassChangeError'{0x0000000713965e78}: Found class java.lang.Object, but interface was expected> (0x0000000713965e78) 
thrown [s\src\hotspot\share\interpreter\linkResolver.cpp, line 838]
Event: 4.892 Thread 0x000001d40d6582f0 Implicit null exception at 0x000001d41877093c to 0x000001d418771248
Event: 5.254 Thread 0x000001d40d6582f0 Exception <a 'java/lang/NoSuchMethodError'{0x000000070ed2ab38}: 'java.lang.Object java.lang.invoke.DirectMethodHandle$Holder.newInvokeSpecial(java.lang.Object, java.lang.Object, java.lang.Object, java.lang.Object, java.lang.Object, java.lang.Object, java.lang.Object)'> (0x000000070ed2ab38) 
thrown [s\src\hotspot\share\interpreter\linkResolver.cpp, line 771]
Event: 5.255 Thread 0x000001d40d6582f0 Exception <a 'java/lang/NoSuchMethodError'{0x000000070ed2f808}: 'java.lang.Object java.lang.invoke.Invokers$Holder.linkToTargetMethod(java.lang.Object, java.lang.Object, java.lang.Object, java.lang.Object, java.lang.Object, java.lang.Object, java.lang.Object)'> (0x000000070ed2f808) 
thrown [s\src\hotspot\share\interpreter\linkResolver.cpp, line 771]
Event: 5.274 Thread 0x000001d40d6582f0 Exception <a 'java/lang/NoSuchMethodError'{0x000000070ed864f8}: 'java.lang.Object java.lang.invoke.DirectMethodHandle$Holder.invokeStatic(java.lang.Object, int, java.lang.Object, java.lang.Object)'> (0x000000070ed864f8) 
thrown [s\src\hotspot\share\interpreter\linkResolver.cpp, line 771]
Event: 5.275 Thread 0x000001d40d6582f0 Exception <a 'java/lang/NoSuchMethodError'{0x000000070ed8f1f0}: 'java.lang.Object java.lang.invoke.DirectMethodHandle$Holder.newInvokeSpecial(java.lang.Object, int, java.lang.Object)'> (0x000000070ed8f1f0) 
thrown [s\src\hotspot\share\interpreter\linkResolver.cpp, line 771]
Event: 6.307 Thread 0x000001d40d6582f0 Exception <a 'java/lang/NoSuchMethodError'{0x000000070d85b050}: 'java.lang.Object java.lang.invoke.DirectMethodHandle$Holder.invokeStatic(java.lang.Object, int, java.lang.Object)'> (0x000000070d85b050) 
thrown [s\src\hotspot\share\interpreter\linkResolver.cpp, line 771]
Event: 6.868 Thread 0x000001d40d6582f0 Implicit null exception at 0x000001d41874a057 to 0x000001d41874a330

VM Operations (20 events):
Event: 6.813 Executing VM operation: ICBufferFull
Event: 6.813 Executing VM operation: ICBufferFull done
Event: 6.918 Executing VM operation: ICBufferFull
Event: 6.918 Executing VM operation: ICBufferFull done
Event: 7.131 Executing VM operation: ICBufferFull
Event: 7.131 Executing VM operation: ICBufferFull done
Event: 7.182 Executing VM operation: HandshakeAllThreads
Event: 7.182 Executing VM operation: HandshakeAllThreads done
Event: 7.233 Executing VM operation: HandshakeAllThreads
Event: 7.233 Executing VM operation: HandshakeAllThreads done
Event: 7.252 Executing VM operation: ICBufferFull
Event: 7.252 Executing VM operation: ICBufferFull done
Event: 7.258 Executing VM operation: HandshakeAllThreads
Event: 7.258 Executing VM operation: HandshakeAllThreads done
Event: 7.427 Executing VM operation: ICBufferFull
Event: 7.427 Executing VM operation: ICBufferFull done
Event: 7.561 Executing VM operation: ICBufferFull
Event: 7.562 Executing VM operation: ICBufferFull done
Event: 7.602 Executing VM operation: HandshakeAllThreads
Event: 7.602 Executing VM operation: HandshakeAllThreads done

Events (20 events):
Event: 7.269 Thread 0x000001d42c3b7760 flushing nmethod 0x000001d41190c210
Event: 7.269 Thread 0x000001d42c3b7760 flushing nmethod 0x000001d411911890
Event: 7.269 Thread 0x000001d42c3b7760 flushing nmethod 0x000001d411923810
Event: 7.269 Thread 0x000001d42c3b7760 flushing nmethod 0x000001d411925a90
Event: 7.269 Thread 0x000001d42c3b7760 flushing nmethod 0x000001d411930310
Event: 7.269 Thread 0x000001d42c3b7760 flushing nmethod 0x000001d411950610
Event: 7.269 Thread 0x000001d42c3b7760 flushing nmethod 0x000001d411957410
Event: 7.269 Thread 0x000001d42c3b7760 flushing nmethod 0x000001d4119ac310
Event: 7.269 Thread 0x000001d42c3b7760 flushing nmethod 0x000001d4119f9890
Event: 7.270 Thread 0x000001d42c3b7760 flushing nmethod 0x000001d411a16c90
Event: 7.270 Thread 0x000001d42c3b7760 flushing nmethod 0x000001d411a24f90
Event: 7.270 Thread 0x000001d42c3b7760 flushing nmethod 0x000001d411a3ee10
Event: 7.270 Thread 0x000001d42c3b7760 flushing nmethod 0x000001d411a64c90
Event: 7.271 Thread 0x000001d42c3b7760 flushing nmethod 0x000001d411af6b10
Event: 7.273 Thread 0x000001d42c3b7760 flushing nmethod 0x000001d411badd10
Event: 7.274 Thread 0x000001d42c3b7760 flushing nmethod 0x000001d411cf2d10
Event: 7.275 Thread 0x000001d42c3b7760 flushing nmethod 0x000001d411e0f790
Event: 7.275 Thread 0x000001d42c3b7760 flushing nmethod 0x000001d411eebb90
Event: 7.278 Thread 0x000001d42c3b7760 flushing nmethod 0x000001d412050a90
Event: 7.278 Thread 0x000001d42c3b7760 flushing nmethod 0x000001d412061490


Dynamic libraries:
0x00007ff67ccc0000 - 0x00007ff67ccca000 	C:\Program Files\Android\Android Studio\jbr\bin\java.exe
0x00007ffcdfa40000 - 0x00007ffcdfca7000 	C:\WINDOWS\SYSTEM32\ntdll.dll
0x00007ffcdec00000 - 0x00007ffcdecc9000 	C:\WINDOWS\System32\KERNEL32.DLL
0x00007ffcdc630000 - 0x00007ffcdca27000 	C:\WINDOWS\System32\KERNELBASE.dll
0x00007ffcdcd40000 - 0x00007ffcdce8b000 	C:\WINDOWS\System32\ucrtbase.dll
0x00007ffc90080000 - 0x00007ffc90097000 	C:\Program Files\Android\Android Studio\jbr\bin\jli.dll
0x00007ffcc49b0000 - 0x00007ffcc49cb000 	C:\Program Files\Android\Android Studio\jbr\bin\VCRUNTIME140.dll
0x00007ffcddd00000 - 0x00007ffcddec6000 	C:\WINDOWS\System32\USER32.dll
0x00007ffcbf860000 - 0x00007ffcbfaf2000 	C:\WINDOWS\WinSxS\amd64_microsoft.windows.common-controls_6595b64144ccf1df_6.0.26100.8457_none_3e0b2faee331e92d\COMCTL32.dll
0x00007ffcdcd10000 - 0x00007ffcdcd37000 	C:\WINDOWS\System32\win32u.dll
0x00007ffcdefb0000 - 0x00007ffcdf059000 	C:\WINDOWS\System32\msvcrt.dll
0x00007ffcdf8f0000 - 0x00007ffcdf91b000 	C:\WINDOWS\System32\GDI32.dll
0x00007ffcdc500000 - 0x00007ffcdc62c000 	C:\WINDOWS\System32\gdi32full.dll
0x00007ffcdcc60000 - 0x00007ffcdcd03000 	C:\WINDOWS\System32\msvcp_win.dll
0x00007ffcddcc0000 - 0x00007ffcddcf2000 	C:\WINDOWS\System32\IMM32.DLL
0x00007ffcc92d0000 - 0x00007ffcc92dc000 	C:\Program Files\Android\Android Studio\jbr\bin\vcruntime140_1.dll
0x00007ffca7fb0000 - 0x00007ffca803d000 	C:\Program Files\Android\Android Studio\jbr\bin\msvcp140.dll
0x00007ffc885f0000 - 0x00007ffc89273000 	C:\Program Files\Android\Android Studio\jbr\bin\server\jvm.dll
0x00007ffcdf940000 - 0x00007ffcdf9f6000 	C:\WINDOWS\System32\ADVAPI32.dll
0x00007ffcde9a0000 - 0x00007ffcdea47000 	C:\WINDOWS\System32\sechost.dll
0x00007ffcde540000 - 0x00007ffcde658000 	C:\WINDOWS\System32\RPCRT4.dll
0x00007ffcbd130000 - 0x00007ffcbd13a000 	C:\WINDOWS\SYSTEM32\WSOCK32.dll
0x00007ffcdede0000 - 0x00007ffcdee60000 	C:\WINDOWS\System32\WS2_32.dll
0x00007ffcdc2f0000 - 0x00007ffcdc34e000 	C:\WINDOWS\SYSTEM32\POWRPROF.dll
0x00007ffccf170000 - 0x00007ffccf1a6000 	C:\WINDOWS\SYSTEM32\WINMM.dll
0x00007ffcbd490000 - 0x00007ffcbd49b000 	C:\WINDOWS\SYSTEM32\VERSION.dll
0x00007ffcdc2b0000 - 0x00007ffcdc2c4000 	C:\WINDOWS\SYSTEM32\UMPDC.dll
0x00007ffcdb160000 - 0x00007ffcdb17b000 	C:\WINDOWS\SYSTEM32\kernel.appcore.dll
0x00007ffcc4780000 - 0x00007ffcc478a000 	C:\Program Files\Android\Android Studio\jbr\bin\jimage.dll
0x00007ffcda3c0000 - 0x00007ffcda602000 	C:\WINDOWS\SYSTEM32\DBGHELP.DLL
0x00007ffcdd930000 - 0x00007ffcddcb3000 	C:\WINDOWS\System32\combase.dll
0x00007ffcdd7c0000 - 0x00007ffcdd899000 	C:\WINDOWS\System32\OLEAUT32.dll
0x00007ffcbb6c0000 - 0x00007ffcbb6fb000 	C:\WINDOWS\SYSTEM32\dbgcore.DLL
0x00007ffcdcbb0000 - 0x00007ffcdcc58000 	C:\WINDOWS\System32\bcryptPrimitives.dll
0x00007ffc97160000 - 0x00007ffc97185000 	C:\Program Files\Android\Android Studio\jbr\bin\java.dll
0x00007ffcad7c0000 - 0x00007ffcad7d8000 	C:\Program Files\Android\Android Studio\jbr\bin\zip.dll
0x00007ffcdf0f0000 - 0x00007ffcdf85e000 	C:\WINDOWS\System32\SHELL32.dll
0x00007ffcdce90000 - 0x00007ffcdd6fc000 	C:\WINDOWS\System32\windows.storage.dll
0x00007ffcde7d0000 - 0x00007ffcde8c6000 	C:\WINDOWS\System32\SHCORE.dll
0x00007ffcde8d0000 - 0x00007ffcde936000 	C:\WINDOWS\System32\shlwapi.dll
0x00007ffcdc390000 - 0x00007ffcdc3b9000 	C:\WINDOWS\SYSTEM32\profapi.dll
0x00007ffc98440000 - 0x00007ffc98459000 	C:\Program Files\Android\Android Studio\jbr\bin\net.dll
0x00007ffcd37b0000 - 0x00007ffcd38d9000 	C:\WINDOWS\SYSTEM32\WINHTTP.dll
0x00007ffcdb770000 - 0x00007ffcdb7dc000 	C:\WINDOWS\system32\mswsock.dll
0x00007ffc94120000 - 0x00007ffc94136000 	C:\Program Files\Android\Android Studio\jbr\bin\nio.dll
0x00007ffcb85a0000 - 0x00007ffcb85b0000 	C:\Program Files\Android\Android Studio\jbr\bin\verify.dll

dbghelp: loaded successfully - version: 4.0.5 - missing functions: none
symbol engine: initialized successfully - sym options: 0x614 - pdb path: .;C:\Program Files\Android\Android Studio\jbr\bin;C:\WINDOWS\SYSTEM32;C:\WINDOWS\WinSxS\amd64_microsoft.windows.common-controls_6595b64144ccf1df_6.0.26100.8457_none_3e0b2faee331e92d;C:\Program Files\Android\Android Studio\jbr\bin\server

VM Arguments:
java_command: org.jetbrains.kotlin.cli.jvm.K2JVMCompiler @C:\Users\hb200\Desktop\SYSTEM INTEG FULL REGRESSION\IT342-Bebita-LostandFoundPortal\mobile\app\build\20260526_5334082745659760256.compiler.options
java_class_path (initial): C:\Users\hb200\.gradle\caches\modules-2\files-2.1\org.jetbrains.kotlin\kotlin-compiler-embeddable\1.8.22\e2cf111da088dc807a74157741b4cd4b664edfb7\kotlin-compiler-embeddable-1.8.22.jar;C:\Users\hb200\.gradle\caches\modules-2\files-2.1\org.jetbrains.kotlin\kotlin-stdlib\1.8.22\636bf8b320e7627482771bbac9ed7246773c02bd\kotlin-stdlib-1.8.22.jar;C:\Users\hb200\.gradle\caches\modules-2\files-2.1\org.jetbrains.kotlin\kotlin-script-runtime\1.8.22\ce5ff1f309623f8c1be5143bdba032c4a04cec3a\kotlin-script-runtime-1.8.22.jar;C:\Users\hb200\.gradle\caches\modules-2\files-2.1\org.jetbrains.kotlin\kotlin-reflect\1.6.10\1cbe9c92c12a94eea200d23c2bbaedaf3daf5132\kotlin-reflect-1.6.10.jar;C:\Users\hb200\.gradle\caches\modules-2\files-2.1\org.jetbrains.kotlin\kotlin-daemon-embeddable\1.8.22\7d9f7e06a59d2fcbc9b373400c146f42fd722e81\kotlin-daemon-embeddable-1.8.22.jar;C:\Users\hb200\.gradle\caches\modules-2\files-2.1\org.jetbrains.intellij.deps\trove4j\1.0.20200330\3afb14d5f9ceb459d724e907a21145e8ff394f02\trove4j-1.0.20200330.jar;C:\Users\hb200\.gradle\caches\modules-2\files-2.1\net.java.dev.jna\jna\5.6.0\330f2244e9030119ab3030fc3fededc86713d9cc\jna-5.6.0.jar;C:\Users\hb200\.gradle\caches\modules-2\files-2.1\org.jetbrains.kotlin\kotlin-stdlib-common\1.8.22\1a8e3601703ae14bb58757ea6b2d8e8e5935a586\kotlin-stdlib-common-1.8.22.jar;C:\Users\hb200\.gradle\caches\modules-2\files-2.1\org.jetbrains\annotations\13.0\919f0dfe192fb4e063e7dacadee7f8bb9a2672a9\annotations-13.0.jar
Launcher Type: SUN_STANDARD

[Global flags]
     intx CICompilerCount                          = 4                                         {product} {ergonomic}
     uint ConcGCThreads                            = 3                                         {product} {ergonomic}
     uint G1ConcRefinementThreads                  = 10                                        {product} {ergonomic}
   size_t G1HeapRegionSize                         = 2097152                                   {product} {ergonomic}
    uintx GCDrainStackTargetSize                   = 64                                        {product} {ergonomic}
   size_t InitialHeapSize                          = 264241152                                 {product} {ergonomic}
   size_t MarkStackSize                            = 4194304                                   {product} {ergonomic}
   size_t MaxHeapSize                              = 4223664128                                {product} {ergonomic}
   size_t MaxNewSize                               = 2533359616                                {product} {ergonomic}
   size_t MinHeapDeltaBytes                        = 2097152                                   {product} {ergonomic}
   size_t MinHeapSize                              = 8388608                                   {product} {ergonomic}
    uintx NonNMethodCodeHeapSize                   = 5839372                                {pd product} {ergonomic}
    uintx NonProfiledCodeHeapSize                  = 122909434                              {pd product} {ergonomic}
    uintx ProfiledCodeHeapSize                     = 122909434                              {pd product} {ergonomic}
    uintx ReservedCodeCacheSize                    = 251658240                              {pd product} {ergonomic}
     bool SegmentedCodeCache                       = true                                      {product} {ergonomic}
   size_t SoftMaxHeapSize                          = 4223664128                             {manageable} {ergonomic}
     bool UseCompressedClassPointers               = true                           {product lp64_product} {ergonomic}
     bool UseCompressedOops                        = true                           {product lp64_product} {ergonomic}
     bool UseG1GC                                  = true                                      {product} {ergonomic}
     bool UseLargePagesIndividualAllocation        = false                                  {pd product} {ergonomic}

Logging:
Log output configuration:
 #0: stdout all=warning uptime,level,tags
 #1: stderr all=off uptime,level,tags

Environment Variables:
PATH=C:\Program Files\Common Files\Oracle\Java\javapath;C:\WINDOWS\system32;C:\WINDOWS;C:\WINDOWS\System32\Wbem;C:\WINDOWS\System32\WindowsPowerShell\v1.0\;C:\WINDOWS\System32\OpenSSH\;C:\Program Files\dotnet\;C:\Program Files\Git\cmd;C:\Program Files\nodejs\;C:\Program Files\PyManager\;C:\Program Files\Apache\apache-maven-3.9.11\bin;C:\Users\hb200\AppData\Local\Programs\Python\Python314\Scripts\;C:\Users\hb200\AppData\Local\Programs\Python\Python314\;C:\Users\hb200\AppData\Local\Programs\Python\Launcher\;C:\Users\hb200\AppData\Local\Microsoft\WindowsApps;C:\Users\hb200\AppData\Roaming\npm;C:\Users\hb200\AppData\Local\Programs\Antigravity\bin;C:\Users\hb200\AppData\Local\Programs\Antigravity IDE\bin;C:\Users\hb200\AppData\Local\Programs\Microsoft VS Code\bin
USERNAME=hb200
OS=Windows_NT
PROCESSOR_IDENTIFIER=Intel64 Family 6 Model 154 Stepping 4, GenuineIntel
TMP=C:\Users\hb200\AppData\Local\Temp
TEMP=C:\Users\hb200\AppData\Local\Temp



Periodic native trim disabled

JNI global refs:
JNI global refs: 13, weak refs: 20

JNI global refs memory usage: 843, weak refs: 841

OOME stack traces (most recent first):
Classloader memory used:
Loader jdk.internal.loader.ClassLoaders$AppClassLoader                                 : 6452K
Loader bootstrap                                                                       : 1619K
Loader jdk.internal.loader.ClassLoaders$PlatformClassLoader                            : 34444B
Loader jdk.internal.reflect.DelegatingClassLoader                                      : 21349B


---------------  S Y S T E M  ---------------

OS:
 Windows 11 , 64 bit Build 26100 (10.0.26100.8328)
OS uptime: 11 days 23:10 hours
Hyper-V role detected

CPU: total 12 (initial active 12) (6 cores per cpu, 2 threads per core) family 6 model 154 stepping 4 microcode 0x429, cx8, cmov, fxsr, ht, mmx, 3dnowpref, sse, sse2, sse3, ssse3, sse4.1, sse4.2, popcnt, lzcnt, tsc, tscinvbit, avx, avx2, aes, erms, clmul, bmi1, bmi2, adx, sha, fma, vzeroupper, clflush, clflushopt, clwb, hv
Processor Information for processor 0
  Max Mhz: 1300, Current Mhz: 1300, Mhz Limit: 1300
Processor Information for processor 1
  Max Mhz: 1300, Current Mhz: 1300, Mhz Limit: 1300
Processor Information for processor 2
  Max Mhz: 1300, Current Mhz: 1300, Mhz Limit: 1300
Processor Information for processor 3
  Max Mhz: 1300, Current Mhz: 1300, Mhz Limit: 1300
Processor Information for processor 4
  Max Mhz: 1300, Current Mhz: 900, Mhz Limit: 897
Processor Information for processor 5
  Max Mhz: 1300, Current Mhz: 900, Mhz Limit: 897
Processor Information for processor 6
  Max Mhz: 1300, Current Mhz: 900, Mhz Limit: 897
Processor Information for processor 7
  Max Mhz: 1300, Current Mhz: 900, Mhz Limit: 897
Processor Information for processor 8
  Max Mhz: 1300, Current Mhz: 900, Mhz Limit: 897
Processor Information for processor 9
  Max Mhz: 1300, Current Mhz: 900, Mhz Limit: 897
Processor Information for processor 10
  Max Mhz: 1300, Current Mhz: 900, Mhz Limit: 897
Processor Information for processor 11
  Max Mhz: 1300, Current Mhz: 900, Mhz Limit: 897

Memory: 4k page, system-wide physical 16108M (1004M free)
TotalPageFile size 24300M (AvailPageFile size 8M)
current process WorkingSet (physical memory assigned to process): 372M, peak: 382M
current process commit charge ("private bytes"): 425M, peak: 448M

vm_info: OpenJDK 64-Bit Server VM (17.0.9+0--11185874) for windows-amd64 JRE (17.0.9+0--11185874), built on Dec  6 2023 18:57:44 by "androidbuild" with MS VC++ 16.10 / 16.11 (VS2019)

END.
